2026-05-01T06:13:58.896+01:00  WARN 34624 --- [HikariPool-164 housekeeper] com.zaxxer.hikari.pool.HikariPool        : HikariPool-164 - Thread starvation or clock leap detected (housekeeper delta=6h33m47s210ms464µs900ns).
2026-05-01T10:20:24.544+01:00  WARN 34624 --- [HikariPool-164 housekeeper] com.zaxxer.hikari.pool.HikariPool        : HikariPool-164 - Thread starvation or clock leap detected (housekeeper delta=4h4m54s559ms497µs100ns).
2026-05-01T10:22:38.685+01:00  INFO 34624 --- [File Watcher] rtingClassPathChangeChangedEventListener : Restarting due to 1 class path change (0 additions, 0 deletions, 1 modification)
2026-05-01T10:22:38.884+01:00  INFO 34624 --- [Thread-653] j.LocalContainerEntityManagerFactoryBean : Closing JPA EntityManagerFactory for persistence unit 'default'
2026-05-01T10:22:38.933+01:00  INFO 34624 --- [Thread-653] com.zaxxer.hikari.HikariDataSource       : HikariPool-164 - Shutdown initiated...
2026-05-01T10:22:38.948+01:00  INFO 34624 --- [Thread-653] com.zaxxer.hikari.HikariDataSource       : HikariPool-164 - Shutdown completed.
2026-05-01T10:22:39.600+01:00  INFO 34624 --- [restartedMain] com.avo.AvoApplication                   : Starting AvoApplication using Java 17.0.2 with PID 34624 (D:\avo-maitrise\back\target\classes started by lenovo in D:\avo-maitrise)
2026-05-01T10:22:39.600+01:00  INFO 34624 --- [restartedMain] com.avo.AvoApplication                   : No active profile set, falling back to 1 default profile: "default"
2026-05-01T10:22:39.801+01:00  INFO 34624 --- [restartedMain] .s.d.r.c.RepositoryConfigurationDelegate : Bootstrapping Spring Data JPA repositories in DEFAULT mode.
2026-05-01T10:22:39.840+01:00  INFO 34624 --- [restartedMain] .s.d.r.c.RepositoryConfigurationDelegate : Finished Spring Data repository scanning in 38 ms. Found 12 JPA repository interfaces.
2026-05-01T10:22:39.959+01:00  INFO 34624 --- [restartedMain] o.s.b.w.embedded.tomcat.TomcatWebServer  : Tomcat initialized with port 8080 (http)
2026-05-01T10:22:39.959+01:00  INFO 34624 --- [restartedMain] o.apache.catalina.core.StandardService   : Starting service [Tomcat]
2026-05-01T10:22:39.959+01:00  INFO 34624 --- [restartedMain] o.apache.catalina.core.StandardEngine    : Starting Servlet engine: [Apache Tomcat/10.1.19]
2026-05-01T10:22:40.014+01:00  INFO 34624 --- [restartedMain] o.a.c.c.C.[Tomcat-2].[localhost].[/]     : Initializing Spring embedded WebApplicationContext
2026-05-01T10:22:40.014+01:00  INFO 34624 --- [restartedMain] w.s.c.ServletWebServerApplicationContext : Root WebApplicationContext: initialization completed in 411 ms
2026-05-01T10:22:40.062+01:00  INFO 34624 --- [restartedMain] com.zaxxer.hikari.HikariDataSource       : HikariPool-165 - Starting...
2026-05-01T10:22:40.079+01:00  INFO 34624 --- [restartedMain] com.zaxxer.hikari.pool.HikariPool        : HikariPool-165 - Added connection com.mysql.cj.jdbc.ConnectionImpl@5541f18
2026-05-01T10:22:40.079+01:00  INFO 34624 --- [restartedMain] com.zaxxer.hikari.HikariDataSource       : HikariPool-165 - Start completed.
2026-05-01T10:22:40.195+01:00  INFO 34624 --- [restartedMain] liquibase.changelog                      : Reading from `si-legale`.databasechangelog
2026-05-01T10:22:40.210+01:00  INFO 34624 --- [restartedMain] liquibase.util                           : UPDATE SUMMARY
2026-05-01T10:22:40.210+01:00  INFO 34624 --- [restartedMain] liquibase.util                           : Run:                          0
2026-05-01T10:22:40.210+01:00  INFO 34624 --- [restartedMain] liquibase.util                           : Previously run:               0
2026-05-01T10:22:40.210+01:00  INFO 34624 --- [restartedMain] liquibase.util                           : Filtered out:                 0
2026-05-01T10:22:40.210+01:00  INFO 34624 --- [restartedMain] liquibase.util                           : -------------------------------
2026-05-01T10:22:40.210+01:00  INFO 34624 --- [restartedMain] liquibase.util                           : Total change sets:            0
2026-05-01T10:22:40.210+01:00  INFO 34624 --- [restartedMain] liquibase.util                           : Update summary generated
2026-05-01T10:22:40.215+01:00  INFO 34624 --- [restartedMain] liquibase.lockservice                    : Successfully released change log lock
2026-05-01T10:22:40.215+01:00  INFO 34624 --- [restartedMain] liquibase.command                        : Command execution complete
2026-05-01T10:22:40.226+01:00  INFO 34624 --- [restartedMain] o.hibernate.jpa.internal.util.LogHelper  : HHH000204: Processing PersistenceUnitInfo [name: default]
2026-05-01T10:22:40.228+01:00  INFO 34624 --- [restartedMain] o.h.c.internal.RegionFactoryInitiator    : HHH000026: Second-level cache disabled
2026-05-01T10:22:40.231+01:00  INFO 34624 --- [restartedMain] o.s.o.j.p.SpringPersistenceUnitInfo      : No LoadTimeWeaver setup: ignoring JPA class transformer
2026-05-01T10:22:40.309+01:00  INFO 34624 --- [restartedMain] o.h.e.t.j.p.i.JtaPlatformInitiator       : HHH000489: No JTA platform available (set 'hibernate.transaction.jta.platform' to enable JTA platform integration)
2026-05-01T10:22:40.373+01:00  INFO 34624 --- [restartedMain] j.LocalContainerEntityManagerFactoryBean : Initialized JPA EntityManagerFactory for persistence unit 'default'
2026-05-01T10:22:40.901+01:00  WARN 34624 --- [restartedMain] JpaBaseConfiguration$JpaWebConfiguration : spring.jpa.open-in-view is enabled by default. Therefore, database queries may be performed during view rendering. Explicitly configure spring.jpa.open-in-view to disable this warning
2026-05-01T10:22:40.905+01:00  INFO 34624 --- [restartedMain] o.s.b.a.w.s.WelcomePageHandlerMapping    : Adding welcome page: class path resource [static/index.html]
2026-05-01T10:22:40.978+01:00  INFO 34624 --- [restartedMain] o.s.b.d.a.OptionalLiveReloadServer       : LiveReload server is running on port 35729
2026-05-01T10:22:40.986+01:00  INFO 34624 --- [restartedMain] o.s.b.w.embedded.tomcat.TomcatWebServer  : Tomcat started on port 8080 (http) with context path ''
2026-05-01T10:22:40.989+01:00  INFO 34624 --- [restartedMain] com.avo.AvoApplication                   : Started AvoApplication in 1.419 seconds (process running for 154742.03)
2026-05-01T10:22:40.989+01:00  INFO 34624 --- [restartedMain] .ConditionEvaluationDeltaLoggingListener : Condition evaluation unchanged
2026-05-01T10:22:48.931+01:00  INFO 34624 --- [File Watcher] rtingClassPathChangeChangedEventListener : Restarting due to 1 class path change (0 additions, 0 deletions, 1 modification)
2026-05-01T10:22:48.958+01:00  INFO 34624 --- [Thread-657] j.LocalContainerEntityManagerFactoryBean : Closing JPA EntityManagerFactory for persistence unit 'default'
2026-05-01T10:22:48.958+01:00  INFO 34624 --- [Thread-657] com.zaxxer.hikari.HikariDataSource       : HikariPool-165 - Shutdown initiated...
2026-05-01T10:22:48.964+01:00  INFO 34624 --- [Thread-657] com.zaxxer.hikari.HikariDataSource       : HikariPool-165 - Shutdown completed.
2026-05-01T10:22:49.083+01:00  INFO 34624 --- [restartedMain] com.avo.AvoApplication                   : Starting AvoApplication using Java 17.0.2 with PID 34624 (D:\avo-maitrise\back\target\classes started by lenovo in D:\avo-maitrise)
2026-05-01T10:22:49.083+01:00  INFO 34624 --- [restartedMain] com.avo.AvoApplication                   : No active profile set, falling back to 1 default profile: "default"
2026-05-01T10:22:49.222+01:00  INFO 34624 --- [restartedMain] .s.d.r.c.RepositoryConfigurationDelegate : Bootstrapping Spring Data JPA repositories in DEFAULT mode.
2026-05-01T10:22:49.254+01:00  INFO 34624 --- [restartedMain] .s.d.r.c.RepositoryConfigurationDelegate : Finished Spring Data repository scanning in 31 ms. Found 12 JPA repository interfaces.
2026-05-01T10:22:49.299+01:00  INFO 34624 --- [restartedMain] o.s.b.w.embedded.tomcat.TomcatWebServer  : Tomcat initialized with port 8080 (http)
2026-05-01T10:22:49.302+01:00  INFO 34624 --- [restartedMain] o.apache.catalina.core.StandardService   : Starting service [Tomcat]
2026-05-01T10:22:49.302+01:00  INFO 34624 --- [restartedMain] o.apache.catalina.core.StandardEngine    : Starting Servlet engine: [Apache Tomcat/10.1.19]
2026-05-01T10:22:49.316+01:00  INFO 34624 --- [restartedMain] o.a.c.c.C.[Tomcat-2].[localhost].[/]     : Initializing Spring embedded WebApplicationContext
2026-05-01T10:22:49.317+01:00  INFO 34624 --- [restartedMain] w.s.c.ServletWebServerApplicationContext : Root WebApplicationContext: initialization completed in 233 ms
2026-05-01T10:22:49.323+01:00  INFO 34624 --- [restartedMain] com.zaxxer.hikari.HikariDataSource       : HikariPool-166 - Starting...
2026-05-01T10:22:49.335+01:00  INFO 34624 --- [restartedMain] com.zaxxer.hikari.pool.HikariPool        : HikariPool-166 - Added connection com.mysql.cj.jdbc.ConnectionImpl@11eff55f
2026-05-01T10:22:49.335+01:00  INFO 34624 --- [restartedMain] com.zaxxer.hikari.HikariDataSource       : HikariPool-166 - Start completed.
2026-05-01T10:22:49.365+01:00  INFO 34624 --- [restartedMain] liquibase.changelog                      : Reading from `si-legale`.databasechangelog
2026-05-01T10:22:49.369+01:00  INFO 34624 --- [restartedMain] liquibase.util                           : UPDATE SUMMARY
2026-05-01T10:22:49.372+01:00  INFO 34624 --- [restartedMain] liquibase.util                           : Run:                          0
2026-05-01T10:22:49.372+01:00  INFO 34624 --- [restartedMain] liquibase.util                           : Previously run:               0
2026-05-01T10:22:49.372+01:00  INFO 34624 --- [restartedMain] liquibase.util                           : Filtered out:                 0
2026-05-01T10:22:49.372+01:00  INFO 34624 --- [restartedMain] liquibase.util                           : -------------------------------
2026-05-01T10:22:49.372+01:00  INFO 34624 --- [restartedMain] liquibase.util                           : Total change sets:            0
2026-05-01T10:22:49.372+01:00  INFO 34624 --- [restartedMain] liquibase.util                           : Update summary generated
2026-05-01T10:22:49.372+01:00  INFO 34624 --- [restartedMain] liquibase.lockservice                    : Successfully released change log lock
2026-05-01T10:22:49.372+01:00  INFO 34624 --- [restartedMain] liquibase.command                        : Command execution complete
2026-05-01T10:22:49.384+01:00  INFO 34624 --- [restartedMain] o.hibernate.jpa.internal.util.LogHelper  : HHH000204: Processing PersistenceUnitInfo [name: default]
2026-05-01T10:22:49.386+01:00  INFO 34624 --- [restartedMain] o.h.c.internal.RegionFactoryInitiator    : HHH000026: Second-level cache disabled
2026-05-01T10:22:49.387+01:00  INFO 34624 --- [restartedMain] o.s.o.j.p.SpringPersistenceUnitInfo      : No LoadTimeWeaver setup: ignoring JPA class transformer
2026-05-01T10:22:49.465+01:00  INFO 34624 --- [restartedMain] o.h.e.t.j.p.i.JtaPlatformInitiator       : HHH000489: No JTA platform available (set 'hibernate.transaction.jta.platform' to enable JTA platform integration)
2026-05-01T10:22:49.528+01:00  INFO 34624 --- [restartedMain] j.LocalContainerEntityManagerFactoryBean : Initialized JPA EntityManagerFactory for persistence unit 'default'
2026-05-01T10:22:49.815+01:00  WARN 34624 --- [restartedMain] JpaBaseConfiguration$JpaWebConfiguration : spring.jpa.open-in-view is enabled by default. Therefore, database queries may be performed during view rendering. Explicitly configure spring.jpa.open-in-view to disable this warning
2026-05-01T10:22:49.818+01:00  INFO 34624 --- [restartedMain] o.s.b.a.w.s.WelcomePageHandlerMapping    : Adding welcome page: class path resource [static/index.html]
2026-05-01T10:22:49.872+01:00  INFO 34624 --- [restartedMain] o.s.b.d.a.OptionalLiveReloadServer       : LiveReload server is running on port 35729
2026-05-01T10:22:49.877+01:00  INFO 34624 --- [restartedMain] o.s.b.w.embedded.tomcat.TomcatWebServer  : Tomcat started on port 8080 (http) with context path ''
2026-05-01T10:22:49.880+01:00  INFO 34624 --- [restartedMain] com.avo.AvoApplication                   : Started AvoApplication in 0.811 seconds (process running for 154750.921)
2026-05-01T10:22:49.880+01:00  INFO 34624 --- [restartedMain] .ConditionEvaluationDeltaLoggingListener : Condition evaluation unchanged
2026-05-01T10:23:01.158+01:00  INFO 34624 --- [File Watcher] rtingClassPathChangeChangedEventListener : Restarting due to 1 class path change (0 additions, 0 deletions, 1 modification)
2026-05-01T10:23:01.175+01:00  INFO 34624 --- [Thread-661] j.LocalContainerEntityManagerFactoryBean : Closing JPA EntityManagerFactory for persistence unit 'default'
2026-05-01T10:23:01.175+01:00  INFO 34624 --- [Thread-661] com.zaxxer.hikari.HikariDataSource       : HikariPool-166 - Shutdown initiated...
2026-05-01T10:23:01.179+01:00  INFO 34624 --- [Thread-661] com.zaxxer.hikari.HikariDataSource       : HikariPool-166 - Shutdown completed.
2026-05-01T10:23:01.277+01:00  INFO 34624 --- [restartedMain] com.avo.AvoApplication                   : Starting AvoApplication using Java 17.0.2 with PID 34624 (D:\avo-maitrise\back\target\classes started by lenovo in D:\avo-maitrise)
2026-05-01T10:23:01.277+01:00  INFO 34624 --- [restartedMain] com.avo.AvoApplication                   : No active profile set, falling back to 1 default profile: "default"
2026-05-01T10:23:01.419+01:00  INFO 34624 --- [restartedMain] .s.d.r.c.RepositoryConfigurationDelegate : Bootstrapping Spring Data JPA repositories in DEFAULT mode.
2026-05-01T10:23:01.457+01:00  INFO 34624 --- [restartedMain] .s.d.r.c.RepositoryConfigurationDelegate : Finished Spring Data repository scanning in 35 ms. Found 12 JPA repository interfaces.
2026-05-01T10:23:01.506+01:00  INFO 34624 --- [restartedMain] o.s.b.w.embedded.tomcat.TomcatWebServer  : Tomcat initialized with port 8080 (http)
2026-05-01T10:23:01.506+01:00  INFO 34624 --- [restartedMain] o.apache.catalina.core.StandardService   : Starting service [Tomcat]
2026-05-01T10:23:01.506+01:00  INFO 34624 --- [restartedMain] o.apache.catalina.core.StandardEngine    : Starting Servlet engine: [Apache Tomcat/10.1.19]
2026-05-01T10:23:01.522+01:00  INFO 34624 --- [restartedMain] o.a.c.c.C.[Tomcat-2].[localhost].[/]     : Initializing Spring embedded WebApplicationContext
2026-05-01T10:23:01.522+01:00  INFO 34624 --- [restartedMain] w.s.c.ServletWebServerApplicationContext : Root WebApplicationContext: initialization completed in 244 ms
2026-05-01T10:23:01.531+01:00  INFO 34624 --- [restartedMain] com.zaxxer.hikari.HikariDataSource       : HikariPool-167 - Starting...
2026-05-01T10:23:01.543+01:00  INFO 34624 --- [restartedMain] com.zaxxer.hikari.pool.HikariPool        : HikariPool-167 - Added connection com.mysql.cj.jdbc.ConnectionImpl@7921ef78
2026-05-01T10:23:01.544+01:00  INFO 34624 --- [restartedMain] com.zaxxer.hikari.HikariDataSource       : HikariPool-167 - Start completed.
2026-05-01T10:23:01.576+01:00  INFO 34624 --- [restartedMain] liquibase.changelog                      : Reading from `si-legale`.databasechangelog
2026-05-01T10:23:01.581+01:00  INFO 34624 --- [restartedMain] liquibase.util                           : UPDATE SUMMARY
2026-05-01T10:23:01.581+01:00  INFO 34624 --- [restartedMain] liquibase.util                           : Run:                          0
2026-05-01T10:23:01.581+01:00  INFO 34624 --- [restartedMain] liquibase.util                           : Previously run:               0
2026-05-01T10:23:01.581+01:00  INFO 34624 --- [restartedMain] liquibase.util                           : Filtered out:                 0
2026-05-01T10:23:01.581+01:00  INFO 34624 --- [restartedMain] liquibase.util                           : -------------------------------
2026-05-01T10:23:01.581+01:00  INFO 34624 --- [restartedMain] liquibase.util                           : Total change sets:            0
2026-05-01T10:23:01.584+01:00  INFO 34624 --- [restartedMain] liquibase.util                           : Update summary generated
2026-05-01T10:23:01.585+01:00  INFO 34624 --- [restartedMain] liquibase.lockservice                    : Successfully released change log lock
2026-05-01T10:23:01.585+01:00  INFO 34624 --- [restartedMain] liquibase.command                        : Command execution complete
2026-05-01T10:23:01.597+01:00  INFO 34624 --- [restartedMain] o.hibernate.jpa.internal.util.LogHelper  : HHH000204: Processing PersistenceUnitInfo [name: default]
2026-05-01T10:23:01.597+01:00  INFO 34624 --- [restartedMain] o.h.c.internal.RegionFactoryInitiator    : HHH000026: Second-level cache disabled
2026-05-01T10:23:01.599+01:00  INFO 34624 --- [restartedMain] o.s.o.j.p.SpringPersistenceUnitInfo      : No LoadTimeWeaver setup: ignoring JPA class transformer
2026-05-01T10:23:01.676+01:00  INFO 34624 --- [restartedMain] o.h.e.t.j.p.i.JtaPlatformInitiator       : HHH000489: No JTA platform available (set 'hibernate.transaction.jta.platform' to enable JTA platform integration)
2026-05-01T10:23:01.735+01:00  INFO 34624 --- [restartedMain] j.LocalContainerEntityManagerFactoryBean : Initialized JPA EntityManagerFactory for persistence unit 'default'
2026-05-01T10:23:02.052+01:00  WARN 34624 --- [restartedMain] JpaBaseConfiguration$JpaWebConfiguration : spring.jpa.open-in-view is enabled by default. Therefore, database queries may be performed during view rendering. Explicitly configure spring.jpa.open-in-view to disable this warning
2026-05-01T10:23:02.054+01:00  INFO 34624 --- [restartedMain] o.s.b.a.w.s.WelcomePageHandlerMapping    : Adding welcome page: class path resource [static/index.html]
2026-05-01T10:23:02.108+01:00  INFO 34624 --- [restartedMain] o.s.b.d.a.OptionalLiveReloadServer       : LiveReload server is running on port 35729
2026-05-01T10:23:02.115+01:00  INFO 34624 --- [restartedMain] o.s.b.w.embedded.tomcat.TomcatWebServer  : Tomcat started on port 8080 (http) with context path ''
2026-05-01T10:23:02.117+01:00  INFO 34624 --- [restartedMain] com.avo.AvoApplication                   : Started AvoApplication in 0.853 seconds (process running for 154763.159)
2026-05-01T10:23:02.118+01:00  INFO 34624 --- [restartedMain] .ConditionEvaluationDeltaLoggingListener : Condition evaluation unchanged
2026-05-01T10:23:03.625+01:00  INFO 34624 --- [File Watcher] rtingClassPathChangeChangedEventListener : Restarting due to 1 class path change (0 additions, 0 deletions, 1 modification)
2026-05-01T10:23:03.636+01:00  INFO 34624 --- [Thread-665] j.LocalContainerEntityManagerFactoryBean : Closing JPA EntityManagerFactory for persistence unit 'default'
2026-05-01T10:23:03.636+01:00  INFO 34624 --- [Thread-665] com.zaxxer.hikari.HikariDataSource       : HikariPool-167 - Shutdown initiated...
2026-05-01T10:23:03.640+01:00  INFO 34624 --- [Thread-665] com.zaxxer.hikari.HikariDataSource       : HikariPool-167 - Shutdown completed.
2026-05-01T10:23:03.735+01:00  INFO 34624 --- [restartedMain] com.avo.AvoApplication                   : Starting AvoApplication using Java 17.0.2 with PID 34624 (D:\avo-maitrise\back\target\classes started by lenovo in D:\avo-maitrise)
2026-05-01T10:23:03.736+01:00  INFO 34624 --- [restartedMain] com.avo.AvoApplication                   : No active profile set, falling back to 1 default profile: "default"
2026-05-01T10:23:03.865+01:00  INFO 34624 --- [restartedMain] .s.d.r.c.RepositoryConfigurationDelegate : Bootstrapping Spring Data JPA repositories in DEFAULT mode.
2026-05-01T10:23:03.900+01:00  INFO 34624 --- [restartedMain] .s.d.r.c.RepositoryConfigurationDelegate : Finished Spring Data repository scanning in 34 ms. Found 12 JPA repository interfaces.
2026-05-01T10:23:03.945+01:00  INFO 34624 --- [restartedMain] o.s.b.w.embedded.tomcat.TomcatWebServer  : Tomcat initialized with port 8080 (http)
2026-05-01T10:23:03.945+01:00  INFO 34624 --- [restartedMain] o.apache.catalina.core.StandardService   : Starting service [Tomcat]
2026-05-01T10:23:03.945+01:00  INFO 34624 --- [restartedMain] o.apache.catalina.core.StandardEngine    : Starting Servlet engine: [Apache Tomcat/10.1.19]
2026-05-01T10:23:03.961+01:00  INFO 34624 --- [restartedMain] o.a.c.c.C.[Tomcat-2].[localhost].[/]     : Initializing Spring embedded WebApplicationContext
2026-05-01T10:23:03.962+01:00  INFO 34624 --- [restartedMain] w.s.c.ServletWebServerApplicationContext : Root WebApplicationContext: initialization completed in 226 ms
2026-05-01T10:23:03.973+01:00  INFO 34624 --- [restartedMain] com.zaxxer.hikari.HikariDataSource       : HikariPool-168 - Starting...
2026-05-01T10:23:03.979+01:00  INFO 34624 --- [restartedMain] com.zaxxer.hikari.pool.HikariPool        : HikariPool-168 - Added connection com.mysql.cj.jdbc.ConnectionImpl@575673ea
2026-05-01T10:23:03.979+01:00  INFO 34624 --- [restartedMain] com.zaxxer.hikari.HikariDataSource       : HikariPool-168 - Start completed.
2026-05-01T10:23:04.007+01:00  INFO 34624 --- [restartedMain] liquibase.changelog                      : Reading from `si-legale`.databasechangelog
2026-05-01T10:23:04.012+01:00  INFO 34624 --- [restartedMain] liquibase.util                           : UPDATE SUMMARY
2026-05-01T10:23:04.012+01:00  INFO 34624 --- [restartedMain] liquibase.util                           : Run:                          0
2026-05-01T10:23:04.012+01:00  INFO 34624 --- [restartedMain] liquibase.util                           : Previously run:               0
2026-05-01T10:23:04.012+01:00  INFO 34624 --- [restartedMain] liquibase.util                           : Filtered out:                 0
2026-05-01T10:23:04.012+01:00  INFO 34624 --- [restartedMain] liquibase.util                           : -------------------------------
2026-05-01T10:23:04.012+01:00  INFO 34624 --- [restartedMain] liquibase.util                           : Total change sets:            0
2026-05-01T10:23:04.014+01:00  INFO 34624 --- [restartedMain] liquibase.util                           : Update summary generated
2026-05-01T10:23:04.014+01:00  INFO 34624 --- [restartedMain] liquibase.lockservice                    : Successfully released change log lock
2026-05-01T10:23:04.015+01:00  INFO 34624 --- [restartedMain] liquibase.command                        : Command execution complete
2026-05-01T10:23:04.026+01:00  INFO 34624 --- [restartedMain] o.hibernate.jpa.internal.util.LogHelper  : HHH000204: Processing PersistenceUnitInfo [name: default]
2026-05-01T10:23:04.029+01:00  INFO 34624 --- [restartedMain] o.h.c.internal.RegionFactoryInitiator    : HHH000026: Second-level cache disabled
2026-05-01T10:23:04.032+01:00  INFO 34624 --- [restartedMain] o.s.o.j.p.SpringPersistenceUnitInfo      : No LoadTimeWeaver setup: ignoring JPA class transformer
2026-05-01T10:23:04.115+01:00  INFO 34624 --- [restartedMain] o.h.e.t.j.p.i.JtaPlatformInitiator       : HHH000489: No JTA platform available (set 'hibernate.transaction.jta.platform' to enable JTA platform integration)
2026-05-01T10:23:04.168+01:00  INFO 34624 --- [restartedMain] j.LocalContainerEntityManagerFactoryBean : Initialized JPA EntityManagerFactory for persistence unit 'default'
2026-05-01T10:23:04.497+01:00  WARN 34624 --- [restartedMain] JpaBaseConfiguration$JpaWebConfiguration : spring.jpa.open-in-view is enabled by default. Therefore, database queries may be performed during view rendering. Explicitly configure spring.jpa.open-in-view to disable this warning
2026-05-01T10:23:04.501+01:00  INFO 34624 --- [restartedMain] o.s.b.a.w.s.WelcomePageHandlerMapping    : Adding welcome page: class path resource [static/index.html]
2026-05-01T10:23:04.587+01:00  INFO 34624 --- [restartedMain] o.s.b.d.a.OptionalLiveReloadServer       : LiveReload server is running on port 35729
2026-05-01T10:23:04.599+01:00  INFO 34624 --- [restartedMain] o.s.b.w.embedded.tomcat.TomcatWebServer  : Tomcat started on port 8080 (http) with context path ''
2026-05-01T10:23:04.603+01:00  INFO 34624 --- [restartedMain] com.avo.AvoApplication                   : Started AvoApplication in 0.881 seconds (process running for 154765.644)
2026-05-01T10:23:04.603+01:00  INFO 34624 --- [restartedMain] .ConditionEvaluationDeltaLoggingListener : Condition evaluation unchanged
2026-05-01T10:24:12.615+01:00  INFO 34624 --- [File Watcher] rtingClassPathChangeChangedEventListener : Restarting due to 1 class path change (0 additions, 0 deletions, 1 modification)
2026-05-01T10:24:12.631+01:00  INFO 34624 --- [Thread-669] j.LocalContainerEntityManagerFactoryBean : Closing JPA EntityManagerFactory for persistence unit 'default'
2026-05-01T10:24:12.631+01:00  INFO 34624 --- [Thread-669] com.zaxxer.hikari.HikariDataSource       : HikariPool-168 - Shutdown initiated...
2026-05-01T10:24:12.635+01:00  INFO 34624 --- [Thread-669] com.zaxxer.hikari.HikariDataSource       : HikariPool-168 - Shutdown completed.
2026-05-01T10:24:12.752+01:00  INFO 34624 --- [restartedMain] com.avo.AvoApplication                   : Starting AvoApplication using Java 17.0.2 with PID 34624 (D:\avo-maitrise\back\target\classes started by lenovo in D:\avo-maitrise)
2026-05-01T10:24:12.752+01:00  INFO 34624 --- [restartedMain] com.avo.AvoApplication                   : No active profile set, falling back to 1 default profile: "default"
2026-05-01T10:24:12.902+01:00  INFO 34624 --- [restartedMain] .s.d.r.c.RepositoryConfigurationDelegate : Bootstrapping Spring Data JPA repositories in DEFAULT mode.
2026-05-01T10:24:12.937+01:00  INFO 34624 --- [restartedMain] .s.d.r.c.RepositoryConfigurationDelegate : Finished Spring Data repository scanning in 35 ms. Found 12 JPA repository interfaces.
2026-05-01T10:24:12.983+01:00  INFO 34624 --- [restartedMain] o.s.b.w.embedded.tomcat.TomcatWebServer  : Tomcat initialized with port 8080 (http)
2026-05-01T10:24:12.983+01:00  INFO 34624 --- [restartedMain] o.apache.catalina.core.StandardService   : Starting service [Tomcat]
2026-05-01T10:24:12.983+01:00  INFO 34624 --- [restartedMain] o.apache.catalina.core.StandardEngine    : Starting Servlet engine: [Apache Tomcat/10.1.19]
2026-05-01T10:24:12.995+01:00  INFO 34624 --- [restartedMain] o.a.c.c.C.[Tomcat-2].[localhost].[/]     : Initializing Spring embedded WebApplicationContext
2026-05-01T10:24:12.997+01:00  INFO 34624 --- [restartedMain] w.s.c.ServletWebServerApplicationContext : Root WebApplicationContext: initialization completed in 243 ms
2026-05-01T10:24:13.007+01:00  INFO 34624 --- [restartedMain] com.zaxxer.hikari.HikariDataSource       : HikariPool-169 - Starting...
2026-05-01T10:24:13.017+01:00  INFO 34624 --- [restartedMain] com.zaxxer.hikari.pool.HikariPool        : HikariPool-169 - Added connection com.mysql.cj.jdbc.ConnectionImpl@426d575c
2026-05-01T10:24:13.017+01:00  INFO 34624 --- [restartedMain] com.zaxxer.hikari.HikariDataSource       : HikariPool-169 - Start completed.
2026-05-01T10:24:13.044+01:00  INFO 34624 --- [restartedMain] liquibase.changelog                      : Reading from `si-legale`.databasechangelog
2026-05-01T10:24:13.049+01:00  INFO 34624 --- [restartedMain] liquibase.util                           : UPDATE SUMMARY
2026-05-01T10:24:13.049+01:00  INFO 34624 --- [restartedMain] liquibase.util                           : Run:                          0
2026-05-01T10:24:13.049+01:00  INFO 34624 --- [restartedMain] liquibase.util                           : Previously run:               0
2026-05-01T10:24:13.049+01:00  INFO 34624 --- [restartedMain] liquibase.util                           : Filtered out:                 0
2026-05-01T10:24:13.049+01:00  INFO 34624 --- [restartedMain] liquibase.util                           : -------------------------------
2026-05-01T10:24:13.049+01:00  INFO 34624 --- [restartedMain] liquibase.util                           : Total change sets:            0
2026-05-01T10:24:13.049+01:00  INFO 34624 --- [restartedMain] liquibase.util                           : Update summary generated
2026-05-01T10:24:13.051+01:00  INFO 34624 --- [restartedMain] liquibase.lockservice                    : Successfully released change log lock
2026-05-01T10:24:13.051+01:00  INFO 34624 --- [restartedMain] liquibase.command                        : Command execution complete
2026-05-01T10:24:13.059+01:00  INFO 34624 --- [restartedMain] o.hibernate.jpa.internal.util.LogHelper  : HHH000204: Processing PersistenceUnitInfo [name: default]
2026-05-01T10:24:13.061+01:00  INFO 34624 --- [restartedMain] o.h.c.internal.RegionFactoryInitiator    : HHH000026: Second-level cache disabled
2026-05-01T10:24:13.064+01:00  INFO 34624 --- [restartedMain] o.s.o.j.p.SpringPersistenceUnitInfo      : No LoadTimeWeaver setup: ignoring JPA class transformer
2026-05-01T10:24:13.136+01:00  INFO 34624 --- [restartedMain] o.h.e.t.j.p.i.JtaPlatformInitiator       : HHH000489: No JTA platform available (set 'hibernate.transaction.jta.platform' to enable JTA platform integration)
2026-05-01T10:24:13.187+01:00  INFO 34624 --- [restartedMain] j.LocalContainerEntityManagerFactoryBean : Initialized JPA EntityManagerFactory for persistence unit 'default'
2026-05-01T10:24:13.494+01:00  WARN 34624 --- [restartedMain] JpaBaseConfiguration$JpaWebConfiguration : spring.jpa.open-in-view is enabled by default. Therefore, database queries may be performed during view rendering. Explicitly configure spring.jpa.open-in-view to disable this warning
2026-05-01T10:24:13.495+01:00  INFO 34624 --- [restartedMain] o.s.b.a.w.s.WelcomePageHandlerMapping    : Adding welcome page: class path resource [static/index.html]
2026-05-01T10:24:13.547+01:00  INFO 34624 --- [restartedMain] o.s.b.d.a.OptionalLiveReloadServer       : LiveReload server is running on port 35729
2026-05-01T10:24:13.551+01:00  INFO 34624 --- [restartedMain] o.s.b.w.embedded.tomcat.TomcatWebServer  : Tomcat started on port 8080 (http) with context path ''
2026-05-01T10:24:13.552+01:00  INFO 34624 --- [restartedMain] com.avo.AvoApplication                   : Started AvoApplication in 0.817 seconds (process running for 154834.595)
2026-05-01T10:24:13.554+01:00  INFO 34624 --- [restartedMain] .ConditionEvaluationDeltaLoggingListener : Condition evaluation unchanged
2026-05-01T10:24:15.051+01:00  INFO 34624 --- [File Watcher] rtingClassPathChangeChangedEventListener : Restarting due to 1 class path change (0 additions, 0 deletions, 1 modification)
2026-05-01T10:24:15.063+01:00  INFO 34624 --- [Thread-673] j.LocalContainerEntityManagerFactoryBean : Closing JPA EntityManagerFactory for persistence unit 'default'
2026-05-01T10:24:15.064+01:00  INFO 34624 --- [Thread-673] com.zaxxer.hikari.HikariDataSource       : HikariPool-169 - Shutdown initiated...
2026-05-01T10:24:15.069+01:00  INFO 34624 --- [Thread-673] com.zaxxer.hikari.HikariDataSource       : HikariPool-169 - Shutdown completed.
2026-05-01T10:24:15.167+01:00  INFO 34624 --- [restartedMain] com.avo.AvoApplication                   : Starting AvoApplication using Java 17.0.2 with PID 34624 (D:\avo-maitrise\back\target\classes started by lenovo in D:\avo-maitrise)
2026-05-01T10:24:15.167+01:00  INFO 34624 --- [restartedMain] com.avo.AvoApplication                   : No active profile set, falling back to 1 default profile: "default"
2026-05-01T10:24:15.549+01:00  INFO 34624 --- [restartedMain] .s.d.r.c.RepositoryConfigurationDelegate : Bootstrapping Spring Data JPA repositories in DEFAULT mode.
2026-05-01T10:24:15.603+01:00  INFO 34624 --- [restartedMain] .s.d.r.c.RepositoryConfigurationDelegate : Finished Spring Data repository scanning in 51 ms. Found 12 JPA repository interfaces.
2026-05-01T10:24:15.649+01:00  INFO 34624 --- [restartedMain] o.s.b.w.embedded.tomcat.TomcatWebServer  : Tomcat initialized with port 8080 (http)
2026-05-01T10:24:15.649+01:00  INFO 34624 --- [restartedMain] o.apache.catalina.core.StandardService   : Starting service [Tomcat]
2026-05-01T10:24:15.649+01:00  INFO 34624 --- [restartedMain] o.apache.catalina.core.StandardEngine    : Starting Servlet engine: [Apache Tomcat/10.1.19]
2026-05-01T10:24:15.664+01:00  INFO 34624 --- [restartedMain] o.a.c.c.C.[Tomcat-2].[localhost].[/]     : Initializing Spring embedded WebApplicationContext
2026-05-01T10:24:15.664+01:00  INFO 34624 --- [restartedMain] w.s.c.ServletWebServerApplicationContext : Root WebApplicationContext: initialization completed in 495 ms
2026-05-01T10:24:15.672+01:00  INFO 34624 --- [restartedMain] com.zaxxer.hikari.HikariDataSource       : HikariPool-170 - Starting...
2026-05-01T10:24:15.681+01:00  INFO 34624 --- [restartedMain] com.zaxxer.hikari.pool.HikariPool        : HikariPool-170 - Added connection com.mysql.cj.jdbc.ConnectionImpl@2150e0c1
2026-05-01T10:24:15.685+01:00  INFO 34624 --- [restartedMain] com.zaxxer.hikari.HikariDataSource       : HikariPool-170 - Start completed.
2026-05-01T10:24:15.714+01:00  INFO 34624 --- [restartedMain] liquibase.changelog                      : Reading from `si-legale`.databasechangelog
2026-05-01T10:24:15.718+01:00  INFO 34624 --- [restartedMain] liquibase.util                           : UPDATE SUMMARY
2026-05-01T10:24:15.721+01:00  INFO 34624 --- [restartedMain] liquibase.util                           : Run:                          0
2026-05-01T10:24:15.721+01:00  INFO 34624 --- [restartedMain] liquibase.util                           : Previously run:               0
2026-05-01T10:24:15.721+01:00  INFO 34624 --- [restartedMain] liquibase.util                           : Filtered out:                 0
2026-05-01T10:24:15.721+01:00  INFO 34624 --- [restartedMain] liquibase.util                           : -------------------------------
2026-05-01T10:24:15.721+01:00  INFO 34624 --- [restartedMain] liquibase.util                           : Total change sets:            0
2026-05-01T10:24:15.721+01:00  INFO 34624 --- [restartedMain] liquibase.util                           : Update summary generated
2026-05-01T10:24:15.722+01:00  INFO 34624 --- [restartedMain] liquibase.lockservice                    : Successfully released change log lock
2026-05-01T10:24:15.722+01:00  INFO 34624 --- [restartedMain] liquibase.command                        : Command execution complete
2026-05-01T10:24:15.733+01:00  INFO 34624 --- [restartedMain] o.hibernate.jpa.internal.util.LogHelper  : HHH000204: Processing PersistenceUnitInfo [name: default]
2026-05-01T10:24:15.735+01:00  INFO 34624 --- [restartedMain] o.h.c.internal.RegionFactoryInitiator    : HHH000026: Second-level cache disabled
2026-05-01T10:24:15.739+01:00  INFO 34624 --- [restartedMain] o.s.o.j.p.SpringPersistenceUnitInfo      : No LoadTimeWeaver setup: ignoring JPA class transformer
2026-05-01T10:24:15.841+01:00  INFO 34624 --- [restartedMain] o.h.e.t.j.p.i.JtaPlatformInitiator       : HHH000489: No JTA platform available (set 'hibernate.transaction.jta.platform' to enable JTA platform integration)
2026-05-01T10:24:15.912+01:00  INFO 34624 --- [restartedMain] j.LocalContainerEntityManagerFactoryBean : Initialized JPA EntityManagerFactory for persistence unit 'default'
2026-05-01T10:24:16.214+01:00  WARN 34624 --- [restartedMain] JpaBaseConfiguration$JpaWebConfiguration : spring.jpa.open-in-view is enabled by default. Therefore, database queries may be performed during view rendering. Explicitly configure spring.jpa.open-in-view to disable this warning
2026-05-01T10:24:16.215+01:00  INFO 34624 --- [restartedMain] o.s.b.a.w.s.WelcomePageHandlerMapping    : Adding welcome page: class path resource [static/index.html]
2026-05-01T10:24:16.272+01:00  INFO 34624 --- [restartedMain] o.s.b.d.a.OptionalLiveReloadServer       : LiveReload server is running on port 35729
2026-05-01T10:24:16.281+01:00  INFO 34624 --- [restartedMain] o.s.b.w.embedded.tomcat.TomcatWebServer  : Tomcat started on port 8080 (http) with context path ''
2026-05-01T10:24:16.281+01:00  INFO 34624 --- [restartedMain] com.avo.AvoApplication                   : Started AvoApplication in 1.128 seconds (process running for 154837.325)
2026-05-01T10:24:16.281+01:00  INFO 34624 --- [restartedMain] .ConditionEvaluationDeltaLoggingListener : Condition evaluation unchanged
2026-05-01T10:24:32.679+01:00  INFO 34624 --- [File Watcher] rtingClassPathChangeChangedEventListener : Restarting due to 2 class path changes (0 additions, 0 deletions, 2 modifications)
2026-05-01T10:24:32.695+01:00  INFO 34624 --- [Thread-677] j.LocalContainerEntityManagerFactoryBean : Closing JPA EntityManagerFactory for persistence unit 'default'
2026-05-01T10:24:32.695+01:00  INFO 34624 --- [Thread-677] com.zaxxer.hikari.HikariDataSource       : HikariPool-170 - Shutdown initiated...
2026-05-01T10:24:32.702+01:00  INFO 34624 --- [Thread-677] com.zaxxer.hikari.HikariDataSource       : HikariPool-170 - Shutdown completed.
2026-05-01T10:24:32.832+01:00  INFO 34624 --- [restartedMain] com.avo.AvoApplication                   : Starting AvoApplication using Java 17.0.2 with PID 34624 (D:\avo-maitrise\back\target\classes started by lenovo in D:\avo-maitrise)
2026-05-01T10:24:32.832+01:00  INFO 34624 --- [restartedMain] com.avo.AvoApplication                   : No active profile set, falling back to 1 default profile: "default"
2026-05-01T10:24:32.972+01:00  INFO 34624 --- [restartedMain] .s.d.r.c.RepositoryConfigurationDelegate : Bootstrapping Spring Data JPA repositories in DEFAULT mode.
2026-05-01T10:24:33.010+01:00  INFO 34624 --- [restartedMain] .s.d.r.c.RepositoryConfigurationDelegate : Finished Spring Data repository scanning in 37 ms. Found 12 JPA repository interfaces.
2026-05-01T10:24:33.084+01:00  INFO 34624 --- [restartedMain] o.s.b.w.embedded.tomcat.TomcatWebServer  : Tomcat initialized with port 8080 (http)
2026-05-01T10:24:33.085+01:00  INFO 34624 --- [restartedMain] o.apache.catalina.core.StandardService   : Starting service [Tomcat]
2026-05-01T10:24:33.086+01:00  INFO 34624 --- [restartedMain] o.apache.catalina.core.StandardEngine    : Starting Servlet engine: [Apache Tomcat/10.1.19]
2026-05-01T10:24:33.100+01:00  INFO 34624 --- [restartedMain] o.a.c.c.C.[Tomcat-2].[localhost].[/]     : Initializing Spring embedded WebApplicationContext
2026-05-01T10:24:33.100+01:00  INFO 34624 --- [restartedMain] w.s.c.ServletWebServerApplicationContext : Root WebApplicationContext: initialization completed in 267 ms
2026-05-01T10:24:33.114+01:00  INFO 34624 --- [restartedMain] com.zaxxer.hikari.HikariDataSource       : HikariPool-171 - Starting...
2026-05-01T10:24:33.122+01:00  INFO 34624 --- [restartedMain] com.zaxxer.hikari.pool.HikariPool        : HikariPool-171 - Added connection com.mysql.cj.jdbc.ConnectionImpl@3ce5e81a
2026-05-01T10:24:33.122+01:00  INFO 34624 --- [restartedMain] com.zaxxer.hikari.HikariDataSource       : HikariPool-171 - Start completed.
2026-05-01T10:24:33.154+01:00  INFO 34624 --- [restartedMain] liquibase.changelog                      : Reading from `si-legale`.databasechangelog
2026-05-01T10:24:33.157+01:00  INFO 34624 --- [restartedMain] liquibase.util                           : UPDATE SUMMARY
2026-05-01T10:24:33.157+01:00  INFO 34624 --- [restartedMain] liquibase.util                           : Run:                          0
2026-05-01T10:24:33.157+01:00  INFO 34624 --- [restartedMain] liquibase.util                           : Previously run:               0
2026-05-01T10:24:33.157+01:00  INFO 34624 --- [restartedMain] liquibase.util                           : Filtered out:                 0
2026-05-01T10:24:33.157+01:00  INFO 34624 --- [restartedMain] liquibase.util                           : -------------------------------
2026-05-01T10:24:33.157+01:00  INFO 34624 --- [restartedMain] liquibase.util                           : Total change sets:            0
2026-05-01T10:24:33.157+01:00  INFO 34624 --- [restartedMain] liquibase.util                           : Update summary generated
2026-05-01T10:24:33.157+01:00  INFO 34624 --- [restartedMain] liquibase.lockservice                    : Successfully released change log lock
2026-05-01T10:24:33.157+01:00  INFO 34624 --- [restartedMain] liquibase.command                        : Command execution complete
2026-05-01T10:24:33.169+01:00  INFO 34624 --- [restartedMain] o.hibernate.jpa.internal.util.LogHelper  : HHH000204: Processing PersistenceUnitInfo [name: default]
2026-05-01T10:24:33.169+01:00  INFO 34624 --- [restartedMain] o.h.c.internal.RegionFactoryInitiator    : HHH000026: Second-level cache disabled
2026-05-01T10:24:33.172+01:00  INFO 34624 --- [restartedMain] o.s.o.j.p.SpringPersistenceUnitInfo      : No LoadTimeWeaver setup: ignoring JPA class transformer
2026-05-01T10:24:33.240+01:00  INFO 34624 --- [restartedMain] o.h.e.t.j.p.i.JtaPlatformInitiator       : HHH000489: No JTA platform available (set 'hibernate.transaction.jta.platform' to enable JTA platform integration)
2026-05-01T10:24:33.299+01:00  INFO 34624 --- [restartedMain] j.LocalContainerEntityManagerFactoryBean : Initialized JPA EntityManagerFactory for persistence unit 'default'
2026-05-01T10:24:33.603+01:00  WARN 34624 --- [restartedMain] JpaBaseConfiguration$JpaWebConfiguration : spring.jpa.open-in-view is enabled by default. Therefore, database queries may be performed during view rendering. Explicitly configure spring.jpa.open-in-view to disable this warning
2026-05-01T10:24:33.606+01:00  INFO 34624 --- [restartedMain] o.s.b.a.w.s.WelcomePageHandlerMapping    : Adding welcome page: class path resource [static/index.html]
2026-05-01T10:24:33.664+01:00  INFO 34624 --- [restartedMain] o.s.b.d.a.OptionalLiveReloadServer       : LiveReload server is running on port 35729
2026-05-01T10:24:33.669+01:00  INFO 34624 --- [restartedMain] o.s.b.w.embedded.tomcat.TomcatWebServer  : Tomcat started on port 8080 (http) with context path ''
2026-05-01T10:24:33.672+01:00  INFO 34624 --- [restartedMain] com.avo.AvoApplication                   : Started AvoApplication in 0.861 seconds (process running for 154854.713)
2026-05-01T10:24:33.672+01:00  INFO 34624 --- [restartedMain] .ConditionEvaluationDeltaLoggingListener : Condition evaluation unchanged
2026-05-01T10:24:44.639+01:00  INFO 34624 --- [File Watcher] rtingClassPathChangeChangedEventListener : Restarting due to 1 class path change (0 additions, 0 deletions, 1 modification)
2026-05-01T10:24:44.651+01:00  INFO 34624 --- [Thread-681] j.LocalContainerEntityManagerFactoryBean : Closing JPA EntityManagerFactory for persistence unit 'default'
2026-05-01T10:24:44.651+01:00  INFO 34624 --- [Thread-681] com.zaxxer.hikari.HikariDataSource       : HikariPool-171 - Shutdown initiated...
2026-05-01T10:24:44.655+01:00  INFO 34624 --- [Thread-681] com.zaxxer.hikari.HikariDataSource       : HikariPool-171 - Shutdown completed.
2026-05-01T10:24:44.747+01:00  INFO 34624 --- [restartedMain] com.avo.AvoApplication                   : Starting AvoApplication using Java 17.0.2 with PID 34624 (D:\avo-maitrise\back\target\classes started by lenovo in D:\avo-maitrise)
2026-05-01T10:24:44.747+01:00  INFO 34624 --- [restartedMain] com.avo.AvoApplication                   : No active profile set, falling back to 1 default profile: "default"
2026-05-01T10:24:44.867+01:00  INFO 34624 --- [restartedMain] .s.d.r.c.RepositoryConfigurationDelegate : Bootstrapping Spring Data JPA repositories in DEFAULT mode.
2026-05-01T10:24:44.934+01:00  INFO 34624 --- [restartedMain] .s.d.r.c.RepositoryConfigurationDelegate : Finished Spring Data repository scanning in 65 ms. Found 12 JPA repository interfaces.
2026-05-01T10:24:45.029+01:00  INFO 34624 --- [restartedMain] o.s.b.w.embedded.tomcat.TomcatWebServer  : Tomcat initialized with port 8080 (http)
2026-05-01T10:24:45.029+01:00  INFO 34624 --- [restartedMain] o.apache.catalina.core.StandardService   : Starting service [Tomcat]
2026-05-01T10:24:45.029+01:00  INFO 34624 --- [restartedMain] o.apache.catalina.core.StandardEngine    : Starting Servlet engine: [Apache Tomcat/10.1.19]
2026-05-01T10:24:45.041+01:00  INFO 34624 --- [restartedMain] o.a.c.c.C.[Tomcat-2].[localhost].[/]     : Initializing Spring embedded WebApplicationContext
2026-05-01T10:24:45.044+01:00  INFO 34624 --- [restartedMain] w.s.c.ServletWebServerApplicationContext : Root WebApplicationContext: initialization completed in 295 ms
2026-05-01T10:24:45.052+01:00  INFO 34624 --- [restartedMain] com.zaxxer.hikari.HikariDataSource       : HikariPool-172 - Starting...
2026-05-01T10:24:45.059+01:00  INFO 34624 --- [restartedMain] com.zaxxer.hikari.pool.HikariPool        : HikariPool-172 - Added connection com.mysql.cj.jdbc.ConnectionImpl@5ea2700
2026-05-01T10:24:45.059+01:00  INFO 34624 --- [restartedMain] com.zaxxer.hikari.HikariDataSource       : HikariPool-172 - Start completed.
2026-05-01T10:24:45.085+01:00  INFO 34624 --- [restartedMain] liquibase.changelog                      : Reading from `si-legale`.databasechangelog
2026-05-01T10:24:45.090+01:00  INFO 34624 --- [restartedMain] liquibase.util                           : UPDATE SUMMARY
2026-05-01T10:24:45.090+01:00  INFO 34624 --- [restartedMain] liquibase.util                           : Run:                          0
2026-05-01T10:24:45.091+01:00  INFO 34624 --- [restartedMain] liquibase.util                           : Previously run:               0
2026-05-01T10:24:45.091+01:00  INFO 34624 --- [restartedMain] liquibase.util                           : Filtered out:                 0
2026-05-01T10:24:45.091+01:00  INFO 34624 --- [restartedMain] liquibase.util                           : -------------------------------
2026-05-01T10:24:45.091+01:00  INFO 34624 --- [restartedMain] liquibase.util                           : Total change sets:            0
2026-05-01T10:24:45.091+01:00  INFO 34624 --- [restartedMain] liquibase.util                           : Update summary generated
2026-05-01T10:24:45.093+01:00  INFO 34624 --- [restartedMain] liquibase.lockservice                    : Successfully released change log lock
2026-05-01T10:24:45.093+01:00  INFO 34624 --- [restartedMain] liquibase.command                        : Command execution complete
2026-05-01T10:24:45.101+01:00  INFO 34624 --- [restartedMain] o.hibernate.jpa.internal.util.LogHelper  : HHH000204: Processing PersistenceUnitInfo [name: default]
2026-05-01T10:24:45.102+01:00  INFO 34624 --- [restartedMain] o.h.c.internal.RegionFactoryInitiator    : HHH000026: Second-level cache disabled
2026-05-01T10:24:45.104+01:00  INFO 34624 --- [restartedMain] o.s.o.j.p.SpringPersistenceUnitInfo      : No LoadTimeWeaver setup: ignoring JPA class transformer
2026-05-01T10:24:45.175+01:00  INFO 34624 --- [restartedMain] o.h.e.t.j.p.i.JtaPlatformInitiator       : HHH000489: No JTA platform available (set 'hibernate.transaction.jta.platform' to enable JTA platform integration)
2026-05-01T10:24:45.236+01:00  INFO 34624 --- [restartedMain] j.LocalContainerEntityManagerFactoryBean : Initialized JPA EntityManagerFactory for persistence unit 'default'
2026-05-01T10:24:45.536+01:00  WARN 34624 --- [restartedMain] JpaBaseConfiguration$JpaWebConfiguration : spring.jpa.open-in-view is enabled by default. Therefore, database queries may be performed during view rendering. Explicitly configure spring.jpa.open-in-view to disable this warning
2026-05-01T10:24:45.539+01:00  INFO 34624 --- [restartedMain] o.s.b.a.w.s.WelcomePageHandlerMapping    : Adding welcome page: class path resource [static/index.html]
2026-05-01T10:24:45.591+01:00  INFO 34624 --- [restartedMain] o.s.b.d.a.OptionalLiveReloadServer       : LiveReload server is running on port 35729
2026-05-01T10:24:45.599+01:00  INFO 34624 --- [restartedMain] o.s.b.w.embedded.tomcat.TomcatWebServer  : Tomcat started on port 8080 (http) with context path ''
2026-05-01T10:24:45.602+01:00  INFO 34624 --- [restartedMain] com.avo.AvoApplication                   : Started AvoApplication in 0.869 seconds (process running for 154866.644)
2026-05-01T10:24:45.602+01:00  INFO 34624 --- [restartedMain] .ConditionEvaluationDeltaLoggingListener : Condition evaluation unchanged
2026-05-01T10:24:53.356+01:00  INFO 34624 --- [File Watcher] rtingClassPathChangeChangedEventListener : Restarting due to 1 class path change (0 additions, 0 deletions, 1 modification)
2026-05-01T10:24:53.371+01:00  INFO 34624 --- [Thread-685] j.LocalContainerEntityManagerFactoryBean : Closing JPA EntityManagerFactory for persistence unit 'default'
2026-05-01T10:24:53.371+01:00  INFO 34624 --- [Thread-685] com.zaxxer.hikari.HikariDataSource       : HikariPool-172 - Shutdown initiated...
2026-05-01T10:24:53.373+01:00  INFO 34624 --- [Thread-685] com.zaxxer.hikari.HikariDataSource       : HikariPool-172 - Shutdown completed.
2026-05-01T10:24:53.481+01:00  INFO 34624 --- [restartedMain] com.avo.AvoApplication                   : Starting AvoApplication using Java 17.0.2 with PID 34624 (D:\avo-maitrise\back\target\classes started by lenovo in D:\avo-maitrise)
2026-05-01T10:24:53.481+01:00  INFO 34624 --- [restartedMain] com.avo.AvoApplication                   : No active profile set, falling back to 1 default profile: "default"
2026-05-01T10:24:53.682+01:00  INFO 34624 --- [restartedMain] .s.d.r.c.RepositoryConfigurationDelegate : Bootstrapping Spring Data JPA repositories in DEFAULT mode.
2026-05-01T10:24:53.723+01:00  INFO 34624 --- [restartedMain] .s.d.r.c.RepositoryConfigurationDelegate : Finished Spring Data repository scanning in 40 ms. Found 12 JPA repository interfaces.
2026-05-01T10:24:53.772+01:00  INFO 34624 --- [restartedMain] o.s.b.w.embedded.tomcat.TomcatWebServer  : Tomcat initialized with port 8080 (http)
2026-05-01T10:24:53.772+01:00  INFO 34624 --- [restartedMain] o.apache.catalina.core.StandardService   : Starting service [Tomcat]
2026-05-01T10:24:53.772+01:00  INFO 34624 --- [restartedMain] o.apache.catalina.core.StandardEngine    : Starting Servlet engine: [Apache Tomcat/10.1.19]
2026-05-01T10:24:53.786+01:00  INFO 34624 --- [restartedMain] o.a.c.c.C.[Tomcat-2].[localhost].[/]     : Initializing Spring embedded WebApplicationContext
2026-05-01T10:24:53.787+01:00  INFO 34624 --- [restartedMain] w.s.c.ServletWebServerApplicationContext : Root WebApplicationContext: initialization completed in 304 ms
2026-05-01T10:24:53.797+01:00  INFO 34624 --- [restartedMain] com.zaxxer.hikari.HikariDataSource       : HikariPool-173 - Starting...
2026-05-01T10:24:53.804+01:00  INFO 34624 --- [restartedMain] com.zaxxer.hikari.pool.HikariPool        : HikariPool-173 - Added connection com.mysql.cj.jdbc.ConnectionImpl@b5cafa6
2026-05-01T10:24:53.804+01:00  INFO 34624 --- [restartedMain] com.zaxxer.hikari.HikariDataSource       : HikariPool-173 - Start completed.
2026-05-01T10:24:53.822+01:00  INFO 34624 --- [restartedMain] liquibase.changelog                      : Reading from `si-legale`.databasechangelog
2026-05-01T10:24:53.831+01:00  INFO 34624 --- [restartedMain] liquibase.util                           : UPDATE SUMMARY
2026-05-01T10:24:53.831+01:00  INFO 34624 --- [restartedMain] liquibase.util                           : Run:                          0
2026-05-01T10:24:53.831+01:00  INFO 34624 --- [restartedMain] liquibase.util                           : Previously run:               0
2026-05-01T10:24:53.831+01:00  INFO 34624 --- [restartedMain] liquibase.util                           : Filtered out:                 0
2026-05-01T10:24:53.831+01:00  INFO 34624 --- [restartedMain] liquibase.util                           : -------------------------------
2026-05-01T10:24:53.831+01:00  INFO 34624 --- [restartedMain] liquibase.util                           : Total change sets:            0
2026-05-01T10:24:53.831+01:00  INFO 34624 --- [restartedMain] liquibase.util                           : Update summary generated
2026-05-01T10:24:53.831+01:00  INFO 34624 --- [restartedMain] liquibase.lockservice                    : Successfully released change log lock
2026-05-01T10:24:53.831+01:00  INFO 34624 --- [restartedMain] liquibase.command                        : Command execution complete
2026-05-01T10:24:53.840+01:00  INFO 34624 --- [restartedMain] o.hibernate.jpa.internal.util.LogHelper  : HHH000204: Processing PersistenceUnitInfo [name: default]
2026-05-01T10:24:53.840+01:00  INFO 34624 --- [restartedMain] o.h.c.internal.RegionFactoryInitiator    : HHH000026: Second-level cache disabled
2026-05-01T10:24:53.845+01:00  INFO 34624 --- [restartedMain] o.s.o.j.p.SpringPersistenceUnitInfo      : No LoadTimeWeaver setup: ignoring JPA class transformer
2026-05-01T10:24:53.906+01:00  INFO 34624 --- [restartedMain] o.h.e.t.j.p.i.JtaPlatformInitiator       : HHH000489: No JTA platform available (set 'hibernate.transaction.jta.platform' to enable JTA platform integration)
2026-05-01T10:24:53.960+01:00  INFO 34624 --- [restartedMain] j.LocalContainerEntityManagerFactoryBean : Initialized JPA EntityManagerFactory for persistence unit 'default'
2026-05-01T10:24:54.240+01:00  WARN 34624 --- [restartedMain] JpaBaseConfiguration$JpaWebConfiguration : spring.jpa.open-in-view is enabled by default. Therefore, database queries may be performed during view rendering. Explicitly configure spring.jpa.open-in-view to disable this warning
2026-05-01T10:24:54.245+01:00  INFO 34624 --- [restartedMain] o.s.b.a.w.s.WelcomePageHandlerMapping    : Adding welcome page: class path resource [static/index.html]
2026-05-01T10:24:54.299+01:00  INFO 34624 --- [restartedMain] o.s.b.d.a.OptionalLiveReloadServer       : LiveReload server is running on port 35729
2026-05-01T10:24:54.307+01:00  INFO 34624 --- [restartedMain] o.s.b.w.embedded.tomcat.TomcatWebServer  : Tomcat started on port 8080 (http) with context path ''
2026-05-01T10:24:54.307+01:00  INFO 34624 --- [restartedMain] com.avo.AvoApplication                   : Started AvoApplication in 0.844 seconds (process running for 154875.35)
2026-05-01T10:24:54.307+01:00  INFO 34624 --- [restartedMain] .ConditionEvaluationDeltaLoggingListener : Condition evaluation unchanged
2026-05-01T10:26:01.437+01:00  INFO 34624 --- [SpringApplicationShutdownHook] j.LocalContainerEntityManagerFactoryBean : Closing JPA EntityManagerFactory for persistence unit 'default'
2026-05-01T10:26:01.440+01:00  INFO 34624 --- [SpringApplicationShutdownHook] com.zaxxer.hikari.HikariDataSource       : HikariPool-173 - Shutdown initiated...
2026-05-01T10:26:01.440+01:00  INFO 34624 --- [SpringApplicationShutdownHook] com.zaxxer.hikari.HikariDataSource       : HikariPool-173 - Shutdown completed.
2026-05-01T10:29:38.885+01:00  INFO 42468 --- [restartedMain] com.avo.AvoApplication                   : Starting AvoApplication using Java 17.0.2 with PID 42468 (D:\avo-maitrise\back\target\classes started by lenovo in D:\avo-maitrise)
2026-05-01T10:29:38.885+01:00  INFO 42468 --- [restartedMain] com.avo.AvoApplication                   : No active profile set, falling back to 1 default profile: "default"
2026-05-01T10:29:38.957+01:00  INFO 42468 --- [restartedMain] .e.DevToolsPropertyDefaultsPostProcessor : Devtools property defaults active! Set 'spring.devtools.add-properties' to 'false' to disable
2026-05-01T10:29:38.957+01:00  INFO 42468 --- [restartedMain] .e.DevToolsPropertyDefaultsPostProcessor : For additional web related logging consider setting the 'logging.level.web' property to 'DEBUG'
2026-05-01T10:29:39.794+01:00  INFO 42468 --- [restartedMain] .s.d.r.c.RepositoryConfigurationDelegate : Bootstrapping Spring Data JPA repositories in DEFAULT mode.
2026-05-01T10:29:39.957+01:00  INFO 42468 --- [restartedMain] .s.d.r.c.RepositoryConfigurationDelegate : Finished Spring Data repository scanning in 153 ms. Found 12 JPA repository interfaces.
2026-05-01T10:29:40.807+01:00  INFO 42468 --- [restartedMain] o.s.b.w.embedded.tomcat.TomcatWebServer  : Tomcat initialized with port 8080 (http)
2026-05-01T10:29:40.822+01:00  INFO 42468 --- [restartedMain] o.apache.catalina.core.StandardService   : Starting service [Tomcat]
2026-05-01T10:29:40.822+01:00  INFO 42468 --- [restartedMain] o.apache.catalina.core.StandardEngine    : Starting Servlet engine: [Apache Tomcat/10.1.19]
2026-05-01T10:29:40.892+01:00  INFO 42468 --- [restartedMain] o.a.c.c.C.[Tomcat].[localhost].[/]       : Initializing Spring embedded WebApplicationContext
2026-05-01T10:29:40.894+01:00  INFO 42468 --- [restartedMain] w.s.c.ServletWebServerApplicationContext : Root WebApplicationContext: initialization completed in 1934 ms
2026-05-01T10:29:41.035+01:00  INFO 42468 --- [restartedMain] com.zaxxer.hikari.HikariDataSource       : HikariPool-1 - Starting...
2026-05-01T10:29:41.333+01:00  INFO 42468 --- [restartedMain] com.zaxxer.hikari.pool.HikariPool        : HikariPool-1 - Added connection com.mysql.cj.jdbc.ConnectionImpl@76f926b9
2026-05-01T10:29:41.336+01:00  INFO 42468 --- [restartedMain] com.zaxxer.hikari.HikariDataSource       : HikariPool-1 - Start completed.
2026-05-01T10:29:41.909+01:00  INFO 42468 --- [restartedMain] liquibase.changelog                      : Reading from `si-legale`.databasechangelog
2026-05-01T10:29:41.933+01:00  INFO 42468 --- [restartedMain] liquibase.changelog                      : Reading from `si-legale`.databasechangelog
2026-05-01T10:29:41.941+01:00  INFO 42468 --- [restartedMain] liquibase.util                           : UPDATE SUMMARY
2026-05-01T10:29:41.942+01:00  INFO 42468 --- [restartedMain] liquibase.util                           : Run:                          0
2026-05-01T10:29:41.942+01:00  INFO 42468 --- [restartedMain] liquibase.util                           : Previously run:               0
2026-05-01T10:29:41.942+01:00  INFO 42468 --- [restartedMain] liquibase.util                           : Filtered out:                 0
2026-05-01T10:29:41.943+01:00  INFO 42468 --- [restartedMain] liquibase.util                           : -------------------------------
2026-05-01T10:29:41.944+01:00  INFO 42468 --- [restartedMain] liquibase.util                           : Total change sets:            0
2026-05-01T10:29:41.944+01:00  INFO 42468 --- [restartedMain] liquibase.util                           : Update summary generated
2026-05-01T10:29:41.969+01:00  INFO 42468 --- [restartedMain] liquibase.lockservice                    : Successfully released change log lock
2026-05-01T10:29:41.972+01:00  INFO 42468 --- [restartedMain] liquibase.command                        : Command execution complete
2026-05-01T10:29:42.105+01:00  INFO 42468 --- [restartedMain] o.hibernate.jpa.internal.util.LogHelper  : HHH000204: Processing PersistenceUnitInfo [name: default]
2026-05-01T10:29:42.172+01:00  INFO 42468 --- [restartedMain] org.hibernate.Version                    : HHH000412: Hibernate ORM core version 6.4.4.Final
2026-05-01T10:29:42.222+01:00  INFO 42468 --- [restartedMain] o.h.c.internal.RegionFactoryInitiator    : HHH000026: Second-level cache disabled
2026-05-01T10:29:42.468+01:00  INFO 42468 --- [restartedMain] o.s.o.j.p.SpringPersistenceUnitInfo      : No LoadTimeWeaver setup: ignoring JPA class transformer
2026-05-01T10:29:43.833+01:00  INFO 42468 --- [restartedMain] o.h.e.t.j.p.i.JtaPlatformInitiator       : HHH000489: No JTA platform available (set 'hibernate.transaction.jta.platform' to enable JTA platform integration)
2026-05-01T10:29:43.940+01:00  INFO 42468 --- [restartedMain] j.LocalContainerEntityManagerFactoryBean : Initialized JPA EntityManagerFactory for persistence unit 'default'
2026-05-01T10:29:45.187+01:00  WARN 42468 --- [restartedMain] JpaBaseConfiguration$JpaWebConfiguration : spring.jpa.open-in-view is enabled by default. Therefore, database queries may be performed during view rendering. Explicitly configure spring.jpa.open-in-view to disable this warning
2026-05-01T10:29:45.218+01:00  INFO 42468 --- [restartedMain] o.s.b.a.w.s.WelcomePageHandlerMapping    : Adding welcome page: class path resource [static/index.html]
2026-05-01T10:29:45.868+01:00  INFO 42468 --- [restartedMain] o.s.b.d.a.OptionalLiveReloadServer       : LiveReload server is running on port 35729
2026-05-01T10:29:45.963+01:00  INFO 42468 --- [restartedMain] o.s.b.w.embedded.tomcat.TomcatWebServer  : Tomcat started on port 8080 (http) with context path ''
2026-05-01T10:29:45.982+01:00  INFO 42468 --- [restartedMain] com.avo.AvoApplication                   : Started AvoApplication in 7.55 seconds (process running for 8.305)
2026-05-01T10:37:02.641+01:00  INFO 42348 --- [restartedMain] com.avo.AvoApplication                   : Starting AvoApplication using Java 17.0.2 with PID 42348 (D:\avo-maitrise\back\target\classes started by lenovo in D:\avo-maitrise)
2026-05-01T10:37:02.646+01:00  INFO 42348 --- [restartedMain] com.avo.AvoApplication                   : No active profile set, falling back to 1 default profile: "default"
2026-05-01T10:37:02.708+01:00  INFO 42348 --- [restartedMain] .e.DevToolsPropertyDefaultsPostProcessor : Devtools property defaults active! Set 'spring.devtools.add-properties' to 'false' to disable
2026-05-01T10:37:02.708+01:00  INFO 42348 --- [restartedMain] .e.DevToolsPropertyDefaultsPostProcessor : For additional web related logging consider setting the 'logging.level.web' property to 'DEBUG'
2026-05-01T10:37:03.753+01:00  INFO 42348 --- [restartedMain] .s.d.r.c.RepositoryConfigurationDelegate : Bootstrapping Spring Data JPA repositories in DEFAULT mode.
2026-05-01T10:37:03.918+01:00  INFO 42348 --- [restartedMain] .s.d.r.c.RepositoryConfigurationDelegate : Finished Spring Data repository scanning in 158 ms. Found 12 JPA repository interfaces.
2026-05-01T10:37:04.837+01:00  INFO 42348 --- [restartedMain] o.s.b.w.embedded.tomcat.TomcatWebServer  : Tomcat initialized with port 8080 (http)
2026-05-01T10:37:04.857+01:00  INFO 42348 --- [restartedMain] o.apache.catalina.core.StandardService   : Starting service [Tomcat]
2026-05-01T10:37:04.857+01:00  INFO 42348 --- [restartedMain] o.apache.catalina.core.StandardEngine    : Starting Servlet engine: [Apache Tomcat/10.1.19]
2026-05-01T10:37:04.930+01:00  INFO 42348 --- [restartedMain] o.a.c.c.C.[Tomcat].[localhost].[/]       : Initializing Spring embedded WebApplicationContext
2026-05-01T10:37:04.930+01:00  INFO 42348 --- [restartedMain] w.s.c.ServletWebServerApplicationContext : Root WebApplicationContext: initialization completed in 2222 ms
2026-05-01T10:37:05.093+01:00  INFO 42348 --- [restartedMain] com.zaxxer.hikari.HikariDataSource       : HikariPool-1 - Starting...
2026-05-01T10:37:05.422+01:00  INFO 42348 --- [restartedMain] com.zaxxer.hikari.pool.HikariPool        : HikariPool-1 - Added connection com.mysql.cj.jdbc.ConnectionImpl@7ad55a80
2026-05-01T10:37:05.422+01:00  INFO 42348 --- [restartedMain] com.zaxxer.hikari.HikariDataSource       : HikariPool-1 - Start completed.
2026-05-01T10:37:06.130+01:00  INFO 42348 --- [restartedMain] liquibase.changelog                      : Reading from `si-legale`.databasechangelog
2026-05-01T10:37:06.163+01:00  INFO 42348 --- [restartedMain] liquibase.changelog                      : Reading from `si-legale`.databasechangelog
2026-05-01T10:37:06.175+01:00  INFO 42348 --- [restartedMain] liquibase.util                           : UPDATE SUMMARY
2026-05-01T10:37:06.175+01:00  INFO 42348 --- [restartedMain] liquibase.util                           : Run:                          0
2026-05-01T10:37:06.175+01:00  INFO 42348 --- [restartedMain] liquibase.util                           : Previously run:               0
2026-05-01T10:37:06.175+01:00  INFO 42348 --- [restartedMain] liquibase.util                           : Filtered out:                 0
2026-05-01T10:37:06.175+01:00  INFO 42348 --- [restartedMain] liquibase.util                           : -------------------------------
2026-05-01T10:37:06.175+01:00  INFO 42348 --- [restartedMain] liquibase.util                           : Total change sets:            0
2026-05-01T10:37:06.175+01:00  INFO 42348 --- [restartedMain] liquibase.util                           : Update summary generated
2026-05-01T10:37:06.202+01:00  INFO 42348 --- [restartedMain] liquibase.lockservice                    : Successfully released change log lock
2026-05-01T10:37:06.203+01:00  INFO 42348 --- [restartedMain] liquibase.command                        : Command execution complete
2026-05-01T10:37:06.320+01:00  INFO 42348 --- [restartedMain] o.hibernate.jpa.internal.util.LogHelper  : HHH000204: Processing PersistenceUnitInfo [name: default]
2026-05-01T10:37:06.395+01:00  INFO 42348 --- [restartedMain] org.hibernate.Version                    : HHH000412: Hibernate ORM core version 6.4.4.Final
2026-05-01T10:37:06.440+01:00  INFO 42348 --- [restartedMain] o.h.c.internal.RegionFactoryInitiator    : HHH000026: Second-level cache disabled
2026-05-01T10:37:06.725+01:00  INFO 42348 --- [restartedMain] o.s.o.j.p.SpringPersistenceUnitInfo      : No LoadTimeWeaver setup: ignoring JPA class transformer
2026-05-01T10:37:07.944+01:00  INFO 42348 --- [restartedMain] o.h.e.t.j.p.i.JtaPlatformInitiator       : HHH000489: No JTA platform available (set 'hibernate.transaction.jta.platform' to enable JTA platform integration)
2026-05-01T10:37:08.056+01:00  INFO 42348 --- [restartedMain] j.LocalContainerEntityManagerFactoryBean : Initialized JPA EntityManagerFactory for persistence unit 'default'
2026-05-01T10:37:09.856+01:00  WARN 42348 --- [restartedMain] JpaBaseConfiguration$JpaWebConfiguration : spring.jpa.open-in-view is enabled by default. Therefore, database queries may be performed during view rendering. Explicitly configure spring.jpa.open-in-view to disable this warning
2026-05-01T10:37:09.890+01:00  INFO 42348 --- [restartedMain] o.s.b.a.w.s.WelcomePageHandlerMapping    : Adding welcome page: class path resource [static/index.html]
2026-05-01T10:37:10.651+01:00  INFO 42348 --- [restartedMain] o.s.b.d.a.OptionalLiveReloadServer       : LiveReload server is running on port 35729
2026-05-01T10:37:10.740+01:00  INFO 42348 --- [restartedMain] o.s.b.w.embedded.tomcat.TomcatWebServer  : Tomcat started on port 8080 (http) with context path ''
2026-05-01T10:37:10.754+01:00  INFO 42348 --- [restartedMain] com.avo.AvoApplication                   : Started AvoApplication in 8.649 seconds (process running for 9.259)
2026-05-01T10:37:30.994+01:00  INFO 42348 --- [File Watcher] rtingClassPathChangeChangedEventListener : Restarting due to 1 class path change (0 additions, 0 deletions, 1 modification)
2026-05-01T10:37:31.015+01:00  INFO 42348 --- [Thread-5] j.LocalContainerEntityManagerFactoryBean : Closing JPA EntityManagerFactory for persistence unit 'default'
2026-05-01T10:37:31.018+01:00  INFO 42348 --- [Thread-5] com.zaxxer.hikari.HikariDataSource       : HikariPool-1 - Shutdown initiated...
2026-05-01T10:37:31.028+01:00  INFO 42348 --- [Thread-5] com.zaxxer.hikari.HikariDataSource       : HikariPool-1 - Shutdown completed.
2026-05-01T10:37:31.102+01:00  INFO 42348 --- [restartedMain] com.avo.AvoApplication                   : Starting AvoApplication using Java 17.0.2 with PID 42348 (D:\avo-maitrise\back\target\classes started by lenovo in D:\avo-maitrise)
2026-05-01T10:37:31.102+01:00  INFO 42348 --- [restartedMain] com.avo.AvoApplication                   : No active profile set, falling back to 1 default profile: "default"
2026-05-01T10:37:31.365+01:00  INFO 42348 --- [restartedMain] .s.d.r.c.RepositoryConfigurationDelegate : Bootstrapping Spring Data JPA repositories in DEFAULT mode.
2026-05-01T10:37:31.425+01:00  INFO 42348 --- [restartedMain] .s.d.r.c.RepositoryConfigurationDelegate : Finished Spring Data repository scanning in 58 ms. Found 12 JPA repository interfaces.
2026-05-01T10:37:31.544+01:00  INFO 42348 --- [restartedMain] o.s.b.w.embedded.tomcat.TomcatWebServer  : Tomcat initialized with port 8080 (http)
2026-05-01T10:37:31.545+01:00  INFO 42348 --- [restartedMain] o.apache.catalina.core.StandardService   : Starting service [Tomcat]
2026-05-01T10:37:31.547+01:00  INFO 42348 --- [restartedMain] o.apache.catalina.core.StandardEngine    : Starting Servlet engine: [Apache Tomcat/10.1.19]
2026-05-01T10:37:31.569+01:00  INFO 42348 --- [restartedMain] o.a.c.c.C.[Tomcat].[localhost].[/]       : Initializing Spring embedded WebApplicationContext
2026-05-01T10:37:31.570+01:00  INFO 42348 --- [restartedMain] w.s.c.ServletWebServerApplicationContext : Root WebApplicationContext: initialization completed in 466 ms
2026-05-01T10:37:31.599+01:00  INFO 42348 --- [restartedMain] com.zaxxer.hikari.HikariDataSource       : HikariPool-2 - Starting...
2026-05-01T10:37:31.619+01:00  INFO 42348 --- [restartedMain] com.zaxxer.hikari.pool.HikariPool        : HikariPool-2 - Added connection com.mysql.cj.jdbc.ConnectionImpl@101f88c8
2026-05-01T10:37:31.620+01:00  INFO 42348 --- [restartedMain] com.zaxxer.hikari.HikariDataSource       : HikariPool-2 - Start completed.
2026-05-01T10:37:31.687+01:00  INFO 42348 --- [restartedMain] liquibase.changelog                      : Reading from `si-legale`.databasechangelog
2026-05-01T10:37:31.696+01:00  INFO 42348 --- [restartedMain] liquibase.util                           : UPDATE SUMMARY
2026-05-01T10:37:31.696+01:00  INFO 42348 --- [restartedMain] liquibase.util                           : Run:                          0
2026-05-01T10:37:31.696+01:00  INFO 42348 --- [restartedMain] liquibase.util                           : Previously run:               0
2026-05-01T10:37:31.696+01:00  INFO 42348 --- [restartedMain] liquibase.util                           : Filtered out:                 0
2026-05-01T10:37:31.698+01:00  INFO 42348 --- [restartedMain] liquibase.util                           : -------------------------------
2026-05-01T10:37:31.698+01:00  INFO 42348 --- [restartedMain] liquibase.util                           : Total change sets:            0
2026-05-01T10:37:31.698+01:00  INFO 42348 --- [restartedMain] liquibase.util                           : Update summary generated
2026-05-01T10:37:31.700+01:00  INFO 42348 --- [restartedMain] liquibase.lockservice                    : Successfully released change log lock
2026-05-01T10:37:31.702+01:00  INFO 42348 --- [restartedMain] liquibase.command                        : Command execution complete
2026-05-01T10:37:31.722+01:00  INFO 42348 --- [restartedMain] o.hibernate.jpa.internal.util.LogHelper  : HHH000204: Processing PersistenceUnitInfo [name: default]
2026-05-01T10:37:31.726+01:00  INFO 42348 --- [restartedMain] o.h.c.internal.RegionFactoryInitiator    : HHH000026: Second-level cache disabled
2026-05-01T10:37:31.730+01:00  INFO 42348 --- [restartedMain] o.s.o.j.p.SpringPersistenceUnitInfo      : No LoadTimeWeaver setup: ignoring JPA class transformer
2026-05-01T10:37:31.929+01:00  INFO 42348 --- [restartedMain] o.h.e.t.j.p.i.JtaPlatformInitiator       : HHH000489: No JTA platform available (set 'hibernate.transaction.jta.platform' to enable JTA platform integration)
2026-05-01T10:37:32.020+01:00  INFO 42348 --- [restartedMain] j.LocalContainerEntityManagerFactoryBean : Initialized JPA EntityManagerFactory for persistence unit 'default'
2026-05-01T10:37:32.683+01:00  WARN 42348 --- [restartedMain] JpaBaseConfiguration$JpaWebConfiguration : spring.jpa.open-in-view is enabled by default. Therefore, database queries may be performed during view rendering. Explicitly configure spring.jpa.open-in-view to disable this warning
2026-05-01T10:37:32.692+01:00  INFO 42348 --- [restartedMain] o.s.b.a.w.s.WelcomePageHandlerMapping    : Adding welcome page: class path resource [static/index.html]
2026-05-01T10:37:32.828+01:00  INFO 42348 --- [restartedMain] o.s.b.d.a.OptionalLiveReloadServer       : LiveReload server is running on port 35729
2026-05-01T10:37:32.840+01:00  INFO 42348 --- [restartedMain] o.s.b.w.embedded.tomcat.TomcatWebServer  : Tomcat started on port 8080 (http) with context path ''
2026-05-01T10:37:32.845+01:00  INFO 42348 --- [restartedMain] com.avo.AvoApplication                   : Started AvoApplication in 1.771 seconds (process running for 31.35)
2026-05-01T10:37:32.848+01:00  INFO 42348 --- [restartedMain] .ConditionEvaluationDeltaLoggingListener : Condition evaluation unchanged
2026-05-01T10:37:40.614+01:00  INFO 42348 --- [File Watcher] rtingClassPathChangeChangedEventListener : Restarting due to 1 class path change (0 additions, 0 deletions, 1 modification)
2026-05-01T10:37:40.632+01:00  INFO 42348 --- [Thread-7] j.LocalContainerEntityManagerFactoryBean : Closing JPA EntityManagerFactory for persistence unit 'default'
2026-05-01T10:37:40.632+01:00  INFO 42348 --- [Thread-7] com.zaxxer.hikari.HikariDataSource       : HikariPool-2 - Shutdown initiated...
2026-05-01T10:37:40.637+01:00  INFO 42348 --- [Thread-7] com.zaxxer.hikari.HikariDataSource       : HikariPool-2 - Shutdown completed.
2026-05-01T10:37:40.702+01:00  INFO 42348 --- [restartedMain] com.avo.AvoApplication                   : Starting AvoApplication using Java 17.0.2 with PID 42348 (D:\avo-maitrise\back\target\classes started by lenovo in D:\avo-maitrise)
2026-05-01T10:37:40.702+01:00  INFO 42348 --- [restartedMain] com.avo.AvoApplication                   : No active profile set, falling back to 1 default profile: "default"
2026-05-01T10:37:40.922+01:00  INFO 42348 --- [restartedMain] .s.d.r.c.RepositoryConfigurationDelegate : Bootstrapping Spring Data JPA repositories in DEFAULT mode.
2026-05-01T10:37:40.977+01:00  INFO 42348 --- [restartedMain] .s.d.r.c.RepositoryConfigurationDelegate : Finished Spring Data repository scanning in 54 ms. Found 12 JPA repository interfaces.
2026-05-01T10:37:41.072+01:00  INFO 42348 --- [restartedMain] o.s.b.w.embedded.tomcat.TomcatWebServer  : Tomcat initialized with port 8080 (http)
2026-05-01T10:37:41.073+01:00  INFO 42348 --- [restartedMain] o.apache.catalina.core.StandardService   : Starting service [Tomcat]
2026-05-01T10:37:41.073+01:00  INFO 42348 --- [restartedMain] o.apache.catalina.core.StandardEngine    : Starting Servlet engine: [Apache Tomcat/10.1.19]
2026-05-01T10:37:41.091+01:00  INFO 42348 --- [restartedMain] o.a.c.c.C.[Tomcat].[localhost].[/]       : Initializing Spring embedded WebApplicationContext
2026-05-01T10:37:41.091+01:00  INFO 42348 --- [restartedMain] w.s.c.ServletWebServerApplicationContext : Root WebApplicationContext: initialization completed in 387 ms
2026-05-01T10:37:41.114+01:00  INFO 42348 --- [restartedMain] com.zaxxer.hikari.HikariDataSource       : HikariPool-3 - Starting...
2026-05-01T10:37:41.126+01:00  INFO 42348 --- [restartedMain] com.zaxxer.hikari.pool.HikariPool        : HikariPool-3 - Added connection com.mysql.cj.jdbc.ConnectionImpl@5a66a99e
2026-05-01T10:37:41.127+01:00  INFO 42348 --- [restartedMain] com.zaxxer.hikari.HikariDataSource       : HikariPool-3 - Start completed.
2026-05-01T10:37:41.181+01:00  INFO 42348 --- [restartedMain] liquibase.changelog                      : Reading from `si-legale`.databasechangelog
2026-05-01T10:37:41.190+01:00  INFO 42348 --- [restartedMain] liquibase.util                           : UPDATE SUMMARY
2026-05-01T10:37:41.190+01:00  INFO 42348 --- [restartedMain] liquibase.util                           : Run:                          0
2026-05-01T10:37:41.190+01:00  INFO 42348 --- [restartedMain] liquibase.util                           : Previously run:               0
2026-05-01T10:37:41.191+01:00  INFO 42348 --- [restartedMain] liquibase.util                           : Filtered out:                 0
2026-05-01T10:37:41.191+01:00  INFO 42348 --- [restartedMain] liquibase.util                           : -------------------------------
2026-05-01T10:37:41.191+01:00  INFO 42348 --- [restartedMain] liquibase.util                           : Total change sets:            0
2026-05-01T10:37:41.191+01:00  INFO 42348 --- [restartedMain] liquibase.util                           : Update summary generated
2026-05-01T10:37:41.194+01:00  INFO 42348 --- [restartedMain] liquibase.lockservice                    : Successfully released change log lock
2026-05-01T10:37:41.196+01:00  INFO 42348 --- [restartedMain] liquibase.command                        : Command execution complete
2026-05-01T10:37:41.210+01:00  INFO 42348 --- [restartedMain] o.hibernate.jpa.internal.util.LogHelper  : HHH000204: Processing PersistenceUnitInfo [name: default]
2026-05-01T10:37:41.215+01:00  INFO 42348 --- [restartedMain] o.h.c.internal.RegionFactoryInitiator    : HHH000026: Second-level cache disabled
2026-05-01T10:37:41.220+01:00  INFO 42348 --- [restartedMain] o.s.o.j.p.SpringPersistenceUnitInfo      : No LoadTimeWeaver setup: ignoring JPA class transformer
2026-05-01T10:37:41.372+01:00  INFO 42348 --- [restartedMain] o.h.e.t.j.p.i.JtaPlatformInitiator       : HHH000489: No JTA platform available (set 'hibernate.transaction.jta.platform' to enable JTA platform integration)
2026-05-01T10:37:41.457+01:00  INFO 42348 --- [restartedMain] j.LocalContainerEntityManagerFactoryBean : Initialized JPA EntityManagerFactory for persistence unit 'default'
2026-05-01T10:37:41.837+01:00  WARN 42348 --- [restartedMain] JpaBaseConfiguration$JpaWebConfiguration : spring.jpa.open-in-view is enabled by default. Therefore, database queries may be performed during view rendering. Explicitly configure spring.jpa.open-in-view to disable this warning
2026-05-01T10:37:41.845+01:00  INFO 42348 --- [restartedMain] o.s.b.a.w.s.WelcomePageHandlerMapping    : Adding welcome page: class path resource [static/index.html]
2026-05-01T10:37:42.006+01:00  INFO 42348 --- [restartedMain] o.s.b.d.a.OptionalLiveReloadServer       : LiveReload server is running on port 35729
2026-05-01T10:37:42.015+01:00  INFO 42348 --- [restartedMain] o.s.b.w.embedded.tomcat.TomcatWebServer  : Tomcat started on port 8080 (http) with context path ''
2026-05-01T10:37:42.021+01:00  INFO 42348 --- [restartedMain] com.avo.AvoApplication                   : Started AvoApplication in 1.341 seconds (process running for 40.527)
2026-05-01T10:37:42.023+01:00  INFO 42348 --- [restartedMain] .ConditionEvaluationDeltaLoggingListener : Condition evaluation unchanged
2026-05-01T10:37:43.463+01:00  INFO 42348 --- [File Watcher] rtingClassPathChangeChangedEventListener : Restarting due to 1 class path change (0 additions, 0 deletions, 1 modification)
2026-05-01T10:37:43.476+01:00  INFO 42348 --- [Thread-11] j.LocalContainerEntityManagerFactoryBean : Closing JPA EntityManagerFactory for persistence unit 'default'
2026-05-01T10:37:43.477+01:00  INFO 42348 --- [Thread-11] com.zaxxer.hikari.HikariDataSource       : HikariPool-3 - Shutdown initiated...
2026-05-01T10:37:43.481+01:00  INFO 42348 --- [Thread-11] com.zaxxer.hikari.HikariDataSource       : HikariPool-3 - Shutdown completed.
2026-05-01T10:37:43.542+01:00  INFO 42348 --- [restartedMain] com.avo.AvoApplication                   : Starting AvoApplication using Java 17.0.2 with PID 42348 (D:\avo-maitrise\back\target\classes started by lenovo in D:\avo-maitrise)
2026-05-01T10:37:43.543+01:00  INFO 42348 --- [restartedMain] com.avo.AvoApplication                   : No active profile set, falling back to 1 default profile: "default"
2026-05-01T10:37:43.754+01:00  INFO 42348 --- [restartedMain] .s.d.r.c.RepositoryConfigurationDelegate : Bootstrapping Spring Data JPA repositories in DEFAULT mode.
2026-05-01T10:37:43.808+01:00  INFO 42348 --- [restartedMain] .s.d.r.c.RepositoryConfigurationDelegate : Finished Spring Data repository scanning in 53 ms. Found 12 JPA repository interfaces.
2026-05-01T10:37:43.880+01:00  INFO 42348 --- [restartedMain] o.s.b.w.embedded.tomcat.TomcatWebServer  : Tomcat initialized with port 8080 (http)
2026-05-01T10:37:43.881+01:00  INFO 42348 --- [restartedMain] o.apache.catalina.core.StandardService   : Starting service [Tomcat]
2026-05-01T10:37:43.881+01:00  INFO 42348 --- [restartedMain] o.apache.catalina.core.StandardEngine    : Starting Servlet engine: [Apache Tomcat/10.1.19]
2026-05-01T10:37:43.903+01:00  INFO 42348 --- [restartedMain] o.a.c.c.C.[Tomcat].[localhost].[/]       : Initializing Spring embedded WebApplicationContext
2026-05-01T10:37:43.903+01:00  INFO 42348 --- [restartedMain] w.s.c.ServletWebServerApplicationContext : Root WebApplicationContext: initialization completed in 358 ms
2026-05-01T10:37:43.924+01:00  INFO 42348 --- [restartedMain] com.zaxxer.hikari.HikariDataSource       : HikariPool-4 - Starting...
2026-05-01T10:37:43.936+01:00  INFO 42348 --- [restartedMain] com.zaxxer.hikari.pool.HikariPool        : HikariPool-4 - Added connection com.mysql.cj.jdbc.ConnectionImpl@4fe47533
2026-05-01T10:37:43.937+01:00  INFO 42348 --- [restartedMain] com.zaxxer.hikari.HikariDataSource       : HikariPool-4 - Start completed.
2026-05-01T10:37:43.986+01:00  INFO 42348 --- [restartedMain] liquibase.changelog                      : Reading from `si-legale`.databasechangelog
2026-05-01T10:37:43.994+01:00  INFO 42348 --- [restartedMain] liquibase.util                           : UPDATE SUMMARY
2026-05-01T10:37:43.994+01:00  INFO 42348 --- [restartedMain] liquibase.util                           : Run:                          0
2026-05-01T10:37:43.994+01:00  INFO 42348 --- [restartedMain] liquibase.util                           : Previously run:               0
2026-05-01T10:37:43.994+01:00  INFO 42348 --- [restartedMain] liquibase.util                           : Filtered out:                 0
2026-05-01T10:37:43.995+01:00  INFO 42348 --- [restartedMain] liquibase.util                           : -------------------------------
2026-05-01T10:37:43.996+01:00  INFO 42348 --- [restartedMain] liquibase.util                           : Total change sets:            0
2026-05-01T10:37:43.996+01:00  INFO 42348 --- [restartedMain] liquibase.util                           : Update summary generated
2026-05-01T10:37:43.998+01:00  INFO 42348 --- [restartedMain] liquibase.lockservice                    : Successfully released change log lock
2026-05-01T10:37:43.999+01:00  INFO 42348 --- [restartedMain] liquibase.command                        : Command execution complete
2026-05-01T10:37:44.016+01:00  INFO 42348 --- [restartedMain] o.hibernate.jpa.internal.util.LogHelper  : HHH000204: Processing PersistenceUnitInfo [name: default]
2026-05-01T10:37:44.019+01:00  INFO 42348 --- [restartedMain] o.h.c.internal.RegionFactoryInitiator    : HHH000026: Second-level cache disabled
2026-05-01T10:37:44.025+01:00  INFO 42348 --- [restartedMain] o.s.o.j.p.SpringPersistenceUnitInfo      : No LoadTimeWeaver setup: ignoring JPA class transformer
2026-05-01T10:37:44.163+01:00  INFO 42348 --- [restartedMain] o.h.e.t.j.p.i.JtaPlatformInitiator       : HHH000489: No JTA platform available (set 'hibernate.transaction.jta.platform' to enable JTA platform integration)
2026-05-01T10:37:44.241+01:00  INFO 42348 --- [restartedMain] j.LocalContainerEntityManagerFactoryBean : Initialized JPA EntityManagerFactory for persistence unit 'default'
2026-05-01T10:37:44.596+01:00  WARN 42348 --- [restartedMain] JpaBaseConfiguration$JpaWebConfiguration : spring.jpa.open-in-view is enabled by default. Therefore, database queries may be performed during view rendering. Explicitly configure spring.jpa.open-in-view to disable this warning
2026-05-01T10:37:44.600+01:00  INFO 42348 --- [restartedMain] o.s.b.a.w.s.WelcomePageHandlerMapping    : Adding welcome page: class path resource [static/index.html]
2026-05-01T10:37:44.688+01:00  INFO 42348 --- [restartedMain] o.s.b.d.a.OptionalLiveReloadServer       : LiveReload server is running on port 35729
2026-05-01T10:37:44.698+01:00  INFO 42348 --- [restartedMain] o.s.b.w.embedded.tomcat.TomcatWebServer  : Tomcat started on port 8080 (http) with context path ''
2026-05-01T10:37:44.701+01:00  INFO 42348 --- [restartedMain] com.avo.AvoApplication                   : Started AvoApplication in 1.177 seconds (process running for 43.207)
2026-05-01T10:37:44.702+01:00  INFO 42348 --- [restartedMain] .ConditionEvaluationDeltaLoggingListener : Condition evaluation unchanged
2026-05-01T10:37:57.922+01:00  INFO 42348 --- [http-nio-8080-exec-1] o.a.c.c.C.[Tomcat].[localhost].[/]       : Initializing Spring DispatcherServlet 'dispatcherServlet'
2026-05-01T10:37:57.922+01:00  INFO 42348 --- [http-nio-8080-exec-1] o.s.web.servlet.DispatcherServlet        : Initializing Servlet 'dispatcherServlet'
2026-05-01T10:37:57.922+01:00  INFO 42348 --- [http-nio-8080-exec-1] o.s.web.servlet.DispatcherServlet        : Completed initialization in 0 ms
2026-05-01T10:39:13.524+01:00  WARN 42348 --- [http-nio-8080-exec-7] .m.m.a.ExceptionHandlerExceptionResolver : Resolved [org.springframework.web.servlet.resource.NoResourceFoundException: No static resource api/ClientDiligenceStatus.]
2026-05-01T10:39:13.524+01:00  WARN 42348 --- [http-nio-8080-exec-6] .m.m.a.ExceptionHandlerExceptionResolver : Resolved [org.springframework.web.servlet.resource.NoResourceFoundException: No static resource api/DiligenceFormResult.]
2026-05-01T10:39:13.524+01:00  WARN 42348 --- [http-nio-8080-exec-8] .m.m.a.ExceptionHandlerExceptionResolver : Resolved [org.springframework.web.servlet.resource.NoResourceFoundException: No static resource api/formConfig.]
2026-05-01T10:39:19.968+01:00  WARN 42348 --- [http-nio-8080-exec-2] .m.m.a.ExceptionHandlerExceptionResolver : Resolved [org.springframework.web.servlet.resource.NoResourceFoundException: No static resource api/ClientDiligenceStatus.]
2026-05-01T10:39:19.968+01:00  WARN 42348 --- [http-nio-8080-exec-4] .m.m.a.ExceptionHandlerExceptionResolver : Resolved [org.springframework.web.servlet.resource.NoResourceFoundException: No static resource api/formConfig.]
2026-05-01T10:39:19.968+01:00  WARN 42348 --- [http-nio-8080-exec-3] .m.m.a.ExceptionHandlerExceptionResolver : Resolved [org.springframework.web.servlet.resource.NoResourceFoundException: No static resource api/DiligenceFormResult.]
2026-05-01T10:52:28.955+01:00  WARN 42348 --- [HikariPool-4 housekeeper] com.zaxxer.hikari.pool.HikariPool        : HikariPool-4 - Thread starvation or clock leap detected (housekeeper delta=7m44s837ms214µs900ns).
2026-05-01T11:31:35.061+01:00  INFO 42348 --- [File Watcher] rtingClassPathChangeChangedEventListener : Restarting due to 2 class path changes (0 additions, 0 deletions, 2 modifications)
2026-05-01T11:31:35.081+01:00  INFO 42348 --- [Thread-15] j.LocalContainerEntityManagerFactoryBean : Closing JPA EntityManagerFactory for persistence unit 'default'
2026-05-01T11:31:35.082+01:00  INFO 42348 --- [Thread-15] com.zaxxer.hikari.HikariDataSource       : HikariPool-4 - Shutdown initiated...
2026-05-01T11:31:35.086+01:00  INFO 42348 --- [Thread-15] com.zaxxer.hikari.HikariDataSource       : HikariPool-4 - Shutdown completed.
2026-05-01T11:31:35.222+01:00  INFO 42348 --- [restartedMain] com.avo.AvoApplication                   : Starting AvoApplication using Java 17.0.2 with PID 42348 (D:\avo-maitrise\back\target\classes started by lenovo in D:\avo-maitrise)
2026-05-01T11:31:35.222+01:00  INFO 42348 --- [restartedMain] com.avo.AvoApplication                   : No active profile set, falling back to 1 default profile: "default"
2026-05-01T11:31:35.462+01:00  INFO 42348 --- [restartedMain] .s.d.r.c.RepositoryConfigurationDelegate : Bootstrapping Spring Data JPA repositories in DEFAULT mode.
2026-05-01T11:31:35.518+01:00  INFO 42348 --- [restartedMain] .s.d.r.c.RepositoryConfigurationDelegate : Finished Spring Data repository scanning in 54 ms. Found 12 JPA repository interfaces.
2026-05-01T11:31:35.607+01:00  INFO 42348 --- [restartedMain] o.s.b.w.embedded.tomcat.TomcatWebServer  : Tomcat initialized with port 8080 (http)
2026-05-01T11:31:35.607+01:00  INFO 42348 --- [restartedMain] o.apache.catalina.core.StandardService   : Starting service [Tomcat]
2026-05-01T11:31:35.608+01:00  INFO 42348 --- [restartedMain] o.apache.catalina.core.StandardEngine    : Starting Servlet engine: [Apache Tomcat/10.1.19]
2026-05-01T11:31:35.641+01:00  INFO 42348 --- [restartedMain] o.a.c.c.C.[Tomcat].[localhost].[/]       : Initializing Spring embedded WebApplicationContext
2026-05-01T11:31:35.641+01:00  INFO 42348 --- [restartedMain] w.s.c.ServletWebServerApplicationContext : Root WebApplicationContext: initialization completed in 417 ms
2026-05-01T11:31:35.661+01:00  INFO 42348 --- [restartedMain] com.zaxxer.hikari.HikariDataSource       : HikariPool-5 - Starting...
2026-05-01T11:31:35.672+01:00  INFO 42348 --- [restartedMain] com.zaxxer.hikari.pool.HikariPool        : HikariPool-5 - Added connection com.mysql.cj.jdbc.ConnectionImpl@671d3420
2026-05-01T11:31:35.672+01:00  INFO 42348 --- [restartedMain] com.zaxxer.hikari.HikariDataSource       : HikariPool-5 - Start completed.
2026-05-01T11:31:35.727+01:00  INFO 42348 --- [restartedMain] liquibase.changelog                      : Reading from `si-legale`.databasechangelog
2026-05-01T11:31:35.734+01:00  INFO 42348 --- [restartedMain] liquibase.util                           : UPDATE SUMMARY
2026-05-01T11:31:35.734+01:00  INFO 42348 --- [restartedMain] liquibase.util                           : Run:                          0
2026-05-01T11:31:35.734+01:00  INFO 42348 --- [restartedMain] liquibase.util                           : Previously run:               0
2026-05-01T11:31:35.734+01:00  INFO 42348 --- [restartedMain] liquibase.util                           : Filtered out:                 0
2026-05-01T11:31:35.734+01:00  INFO 42348 --- [restartedMain] liquibase.util                           : -------------------------------
2026-05-01T11:31:35.734+01:00  INFO 42348 --- [restartedMain] liquibase.util                           : Total change sets:            0
2026-05-01T11:31:35.734+01:00  INFO 42348 --- [restartedMain] liquibase.util                           : Update summary generated
2026-05-01T11:31:35.736+01:00  INFO 42348 --- [restartedMain] liquibase.lockservice                    : Successfully released change log lock
2026-05-01T11:31:35.736+01:00  INFO 42348 --- [restartedMain] liquibase.command                        : Command execution complete
2026-05-01T11:31:35.752+01:00  INFO 42348 --- [restartedMain] o.hibernate.jpa.internal.util.LogHelper  : HHH000204: Processing PersistenceUnitInfo [name: default]
2026-05-01T11:31:35.753+01:00  INFO 42348 --- [restartedMain] o.h.c.internal.RegionFactoryInitiator    : HHH000026: Second-level cache disabled
2026-05-01T11:31:35.760+01:00  INFO 42348 --- [restartedMain] o.s.o.j.p.SpringPersistenceUnitInfo      : No LoadTimeWeaver setup: ignoring JPA class transformer
2026-05-01T11:31:35.914+01:00  INFO 42348 --- [restartedMain] o.h.e.t.j.p.i.JtaPlatformInitiator       : HHH000489: No JTA platform available (set 'hibernate.transaction.jta.platform' to enable JTA platform integration)
2026-05-01T11:31:36.070+01:00  INFO 42348 --- [restartedMain] j.LocalContainerEntityManagerFactoryBean : Initialized JPA EntityManagerFactory for persistence unit 'default'
2026-05-01T11:31:36.448+01:00  WARN 42348 --- [restartedMain] JpaBaseConfiguration$JpaWebConfiguration : spring.jpa.open-in-view is enabled by default. Therefore, database queries may be performed during view rendering. Explicitly configure spring.jpa.open-in-view to disable this warning
2026-05-01T11:31:36.452+01:00  INFO 42348 --- [restartedMain] o.s.b.a.w.s.WelcomePageHandlerMapping    : Adding welcome page: class path resource [static/index.html]
2026-05-01T11:31:36.555+01:00  INFO 42348 --- [restartedMain] o.s.b.d.a.OptionalLiveReloadServer       : LiveReload server is running on port 35729
2026-05-01T11:31:36.563+01:00  INFO 42348 --- [restartedMain] o.s.b.w.embedded.tomcat.TomcatWebServer  : Tomcat started on port 8080 (http) with context path ''
2026-05-01T11:31:36.568+01:00  INFO 42348 --- [restartedMain] com.avo.AvoApplication                   : Started AvoApplication in 1.369 seconds (process running for 3275.075)
2026-05-01T11:31:36.572+01:00  INFO 42348 --- [restartedMain] .ConditionEvaluationDeltaLoggingListener : Condition evaluation unchanged
2026-05-01T11:35:01.227+01:00  INFO 42348 --- [http-nio-8080-exec-2] o.a.c.c.C.[Tomcat].[localhost].[/]       : Initializing Spring DispatcherServlet 'dispatcherServlet'
2026-05-01T11:35:01.228+01:00  INFO 42348 --- [http-nio-8080-exec-2] o.s.web.servlet.DispatcherServlet        : Initializing Servlet 'dispatcherServlet'
2026-05-01T11:35:01.230+01:00  INFO 42348 --- [http-nio-8080-exec-2] o.s.web.servlet.DispatcherServlet        : Completed initialization in 2 ms
